/home/samia/ws_imx/INO_Arduino/drivers/fsl_common_arm.h:210:20:_SDK_AtomicLocalClearAndSet4Byte	48	static
/home/samia/ws_imx/INO_Arduino/drivers/fsl_clock.h:1298:20:CLOCK_ControlGate	32	static
/home/samia/ws_imx/INO_Arduino/drivers/fsl_clock.h:1315:20:CLOCK_EnableClock	16	static
/home/samia/ws_imx/INO_Arduino/drivers/fsl_iomuxc.h:859:20:IOMUXC_SetPinMux	24	static
../board/pin_mux.c:173:6:BOARD_InitBootPins	8	static
../board/pin_mux.c:196:6:BOARD_InitPins	24	static
../board/pin_mux.c:240:6:BOARD_InitDEBUG_UARTPins	16	static
../board/pin_mux.c:302:6:BOARD_InitSDRAMPins	16	static
../board/pin_mux.c:364:6:BOARD_InitCANPins	16	static
../board/pin_mux.c:398:6:BOARD_InitENETPins	16	static
../board/pin_mux.c:437:6:BOARD_InitUSDHCPins	16	static
../board/pin_mux.c:470:6:BOARD_InitQSPIPins	16	static
