Archive member included to satisfy reference by file (symbol)

/usr/local/mcuxpressoide-11.5.0_7232/ide/plugins/com.nxp.mcuxpresso.tools.linux_11.5.0.202107051138/tools/bin/../lib/gcc/arm-none-eabi/10.3.1/../../../../arm-none-eabi/lib/thumb/v7e-m+fp/hard/libcr_semihost_nf.a(_cr__main.o)
                              ./startup/startup_mimxrt1021.o (__main)
/usr/local/mcuxpressoide-11.5.0_7232/ide/plugins/com.nxp.mcuxpresso.tools.linux_11.5.0.202107051138/tools/bin/../lib/gcc/arm-none-eabi/10.3.1/../../../../arm-none-eabi/lib/thumb/v7e-m+fp/hard/libcr_semihost_nf.a(_cr_assert.o)
                              ./source/nema23.o (__assertion_failed)
/usr/local/mcuxpressoide-11.5.0_7232/ide/plugins/com.nxp.mcuxpresso.tools.linux_11.5.0.202107051138/tools/bin/../lib/gcc/arm-none-eabi/10.3.1/../../../../arm-none-eabi/lib/thumb/v7e-m+fp/hard/libcr_semihost_nf.a(__ciob.o)
                              /usr/local/mcuxpressoide-11.5.0_7232/ide/plugins/com.nxp.mcuxpresso.tools.linux_11.5.0.202107051138/tools/bin/../lib/gcc/arm-none-eabi/10.3.1/../../../../arm-none-eabi/lib/thumb/v7e-m+fp/hard/libcr_semihost_nf.a(_cr_assert.o) (__Ciob)
/usr/local/mcuxpressoide-11.5.0_7232/ide/plugins/com.nxp.mcuxpresso.tools.linux_11.5.0.202107051138/tools/bin/../lib/gcc/arm-none-eabi/10.3.1/../../../../arm-none-eabi/lib/thumb/v7e-m+fp/hard/libcr_semihost_nf.a(__sys_appexit.o)
                              /usr/local/mcuxpressoide-11.5.0_7232/ide/plugins/com.nxp.mcuxpresso.tools.linux_11.5.0.202107051138/tools/bin/../lib/gcc/arm-none-eabi/10.3.1/../../../../arm-none-eabi/lib/thumb/v7e-m+fp/hard/libcr_semihost_nf.a(_cr_assert.o) (__sys_appexit)
/usr/local/mcuxpressoide-11.5.0_7232/ide/plugins/com.nxp.mcuxpresso.tools.linux_11.5.0.202107051138/tools/bin/../lib/gcc/arm-none-eabi/10.3.1/../../../../arm-none-eabi/lib/thumb/v7e-m+fp/hard/libcr_c.a(memcpy.o)
                              ./utilities/fsl_str.o (memcpy)
/usr/local/mcuxpressoide-11.5.0_7232/ide/plugins/com.nxp.mcuxpresso.tools.linux_11.5.0.202107051138/tools/bin/../lib/gcc/arm-none-eabi/10.3.1/../../../../arm-none-eabi/lib/thumb/v7e-m+fp/hard/libcr_c.a(memset.o)
                              ./drivers/fsl_flexcan.o (memset)
/usr/local/mcuxpressoide-11.5.0_7232/ide/plugins/com.nxp.mcuxpresso.tools.linux_11.5.0.202107051138/tools/bin/../lib/gcc/arm-none-eabi/10.3.1/../../../../arm-none-eabi/lib/thumb/v7e-m+fp/hard/libcr_c.a(_deferredlazyseek.o)
                              /usr/local/mcuxpressoide-11.5.0_7232/ide/plugins/com.nxp.mcuxpresso.tools.linux_11.5.0.202107051138/tools/bin/../lib/gcc/arm-none-eabi/10.3.1/../../../../arm-none-eabi/lib/thumb/v7e-m+fp/hard/libcr_semihost_nf.a(_cr_assert.o) (__flsbuf)
/usr/local/mcuxpressoide-11.5.0_7232/ide/plugins/com.nxp.mcuxpresso.tools.linux_11.5.0.202107051138/tools/bin/../lib/gcc/arm-none-eabi/10.3.1/../../../../arm-none-eabi/lib/thumb/v7e-m+fp/hard/libcr_c.a(_fflush.o)
                              /usr/local/mcuxpressoide-11.5.0_7232/ide/plugins/com.nxp.mcuxpresso.tools.linux_11.5.0.202107051138/tools/bin/../lib/gcc/arm-none-eabi/10.3.1/../../../../arm-none-eabi/lib/thumb/v7e-m+fp/hard/libcr_c.a(_deferredlazyseek.o) (_fflush)
/usr/local/mcuxpressoide-11.5.0_7232/ide/plugins/com.nxp.mcuxpresso.tools.linux_11.5.0.202107051138/tools/bin/../lib/gcc/arm-none-eabi/10.3.1/../../../../arm-none-eabi/lib/thumb/v7e-m+fp/hard/libcr_c.a(_writebuf.o)
                              /usr/local/mcuxpressoide-11.5.0_7232/ide/plugins/com.nxp.mcuxpresso.tools.linux_11.5.0.202107051138/tools/bin/../lib/gcc/arm-none-eabi/10.3.1/../../../../arm-none-eabi/lib/thumb/v7e-m+fp/hard/libcr_c.a(_deferredlazyseek.o) (_Cwritebuf)
/usr/local/mcuxpressoide-11.5.0_7232/ide/plugins/com.nxp.mcuxpresso.tools.linux_11.5.0.202107051138/tools/bin/../lib/gcc/arm-none-eabi/10.3.1/../../../../arm-none-eabi/lib/thumb/v7e-m+fp/hard/libcr_c.a(alloc.o)
                              ./drivers/fsl_common.o (malloc)
/usr/local/mcuxpressoide-11.5.0_7232/ide/plugins/com.nxp.mcuxpresso.tools.linux_11.5.0.202107051138/tools/bin/../lib/gcc/arm-none-eabi/10.3.1/../../../../arm-none-eabi/lib/thumb/v7e-m+fp/hard/libcr_c.a(errno.o)
                              ./utilities/fsl_str.o (errno)
/usr/local/mcuxpressoide-11.5.0_7232/ide/plugins/com.nxp.mcuxpresso.tools.linux_11.5.0.202107051138/tools/bin/../lib/gcc/arm-none-eabi/10.3.1/../../../../arm-none-eabi/lib/thumb/v7e-m+fp/hard/libcr_c.a(fputs.o)
                              /usr/local/mcuxpressoide-11.5.0_7232/ide/plugins/com.nxp.mcuxpresso.tools.linux_11.5.0.202107051138/tools/bin/../lib/gcc/arm-none-eabi/10.3.1/../../../../arm-none-eabi/lib/thumb/v7e-m+fp/hard/libcr_semihost_nf.a(_cr_assert.o) (fputs)
/usr/local/mcuxpressoide-11.5.0_7232/ide/plugins/com.nxp.mcuxpresso.tools.linux_11.5.0.202107051138/tools/bin/../lib/gcc/arm-none-eabi/10.3.1/../../../../arm-none-eabi/lib/thumb/v7e-m+fp/hard/libcr_c.a(fseek.o)
[...]
Memory Configuration

Name             Origin             Length             Attributes
BOARD_FLASH      0x0000000060000000 0x0000000000800000 xr
SRAM_DTC         0x0000000020000000 0x0000000000010000 xrw
SRAM_ITC         0x0000000000000000 0x0000000000010000 xrw
SRAM_OC          0x0000000020200000 0x0000000000020000 xrw
BOARD_SDRAM      0x0000000080000000 0x0000000001e00000 xrw
NCACHE_REGION    0x0000000081e00000 0x0000000000200000 xrw
*default*        0x0000000000000000 0xffffffffffffffff

Linker script and memory map

LOAD ./xip/evkmimxrt1020_flexspi_nor_config.o
LOAD ./xip/fsl_flexspi_nor_boot.o
LOAD ./utilities/fsl_debug_console.o
LOAD ./utilities/fsl_str.o
LOAD ./startup/startup_mimxrt1021.o
LOAD ./source/nema23.o
LOAD ./source/semihost_hardfault.o
LOAD ./drivers/fsl_clock.o
LOAD ./drivers/fsl_common.o
LOAD ./drivers/fsl_common_arm.o
LOAD ./drivers/fsl_flexcan.o
LOAD ./drivers/fsl_gpio.o
LOAD ./drivers/fsl_lpuart.o
LOAD ./device/system_MIMXRT1021.o
LOAD ./component/uart/fsl_adapter_lpuart.o
LOAD ./component/serial_manager/fsl_component_serial_manager.o
LOAD ./component/serial_manager/fsl_component_serial_port_uart.o
LOAD ./component/lists/fsl_component_generic_list.o
LOAD ./board/board.o
LOAD ./board/clock_config.o
LOAD ./board/dcd.o
LOAD ./board/peripherals.o
LOAD ./board/pin_mux.o
START GROUP
LOAD /usr/local/mcuxpressoide-11.5.0_7232/ide/plugins/com.nxp.mcuxpresso.tools.linux_11.5.0.202107051138/tools/bin/../lib/gcc/arm-none-eabi/10.3.1/../../../../arm-none-eabi/lib/thumb/v7e-m+fp/hard/libcr_semihost_nf.a
LOAD /usr/local/mcuxpressoide-11.5.0_7232/ide/plugins/com.nxp.mcuxpresso.tools.linux_11.5.0.202107051138/tools/bin/../lib/gcc/arm-none-eabi/10.3.1/../../../../arm-none-eabi/lib/thumb/v7e-m+fp/hard/libcr_c.a
LOAD /usr/local/mcuxpressoide-11.5.0_7232/ide/plugins/com.nxp.mcuxpresso.tools.linux_11.5.0.202107051138/tools/bin/../lib/gcc/arm-none-eabi/10.3.1/thumb/v7e-m+fp/hard/libcr_eabihelpers.a
LOAD /usr/local/mcuxpressoide-11.5.0_7232/ide/plugins/com.nxp.mcuxpresso.tools.linux_11.5.0.202107051138/tools/bin/../lib/gcc/arm-none-eabi/10.3.1/thumb/v7e-m+fp/hard/libgcc.a
END GROUP
                0x0000000060000000                __base_BOARD_FLASH = 0x60000000
                0x0000000060000000                __base_Flash = 0x60000000
                0x0000000060800000                __top_BOARD_FLASH = 0x60800000
                0x0000000060800000                __top_Flash = 0x60800000
                0x0000000020000000                __base_SRAM_DTC = 0x20000000
                0x0000000020000000                __base_RAM = 0x20000000
                0x0000000020010000                __top_SRAM_DTC = 0x20010000
                0x0000000020010000                __top_RAM = 0x20010000
                0x0000000000000000                __base_SRAM_ITC = 0x0
                0x0000000000000000                __base_RAM2 = 0x0
                0x0000000000010000                __top_SRAM_ITC = 0x10000
                0x0000000000010000                __top_RAM2 = 0x10000
                0x0000000020200000                __base_SRAM_OC = 0x20200000
                0x0000000020200000                __base_RAM3 = 0x20200000
                0x0000000020220000                __top_SRAM_OC = 0x20220000
                0x0000000020220000                __top_RAM3 = 0x20220000
                0x0000000080000000                __base_BOARD_SDRAM = 0x80000000
                0x0000000080000000                __base_RAM4 = 0x80000000
                0x0000000081e00000                __top_BOARD_SDRAM = 0x81e00000
                0x0000000081e00000                __top_RAM4 = 0x81e00000
                0x0000000081e00000                __base_NCACHE_REGION = 0x81e00000
                0x0000000081e00000                __base_RAM5 = 0x81e00000
                0x0000000082000000                __top_NCACHE_REGION = 0x82000000
                0x0000000082000000                __top_RAM5 = 0x82000000

.boot_hdr       0x0000000060000000     0x2000
 FILL mask 0xff
                0x0000000060000000                __boot_hdr_start__ = ABSOLUTE (.)
 *(SORT_BY_ALIGNMENT(.boot_hdr.conf))
 .boot_hdr.conf
                0x0000000060000000      0x200 ./xip/evkmimxrt1020_flexspi_nor_config.o
                0x0000000060000000                qspiflash_config
                0x0000000000001000                . = 0x1000
 *fill*         0x0000000060000200      0xe00 ff
 *(SORT_BY_ALIGNMENT(.boot_hdr.ivt))
 .boot_hdr.ivt  0x0000000060001000       0x20 ./xip/fsl_flexspi_nor_boot.o
                0x0000000060001000                image_vector_table
                0x0000000000001020                . = 0x1020
 *(SORT_BY_ALIGNMENT(.boot_hdr.boot_data))
 .boot_hdr.boot_data
                0x0000000060001020       0x10 ./xip/fsl_flexspi_nor_boot.o
                0x0000000060001020                g_boot_data
                0x0000000000001030                . = 0x1030
 *(SORT_BY_ALIGNMENT(.boot_hdr.dcd_data))
                0x0000000060001030                __boot_hdr_end__ = ABSOLUTE (.)
                0x0000000000002000                . = 0x2000
 *fill*         0x0000000060001030      0xfd0 ff

.text           0x0000000060002000     0x544c
 FILL mask 0xff
                0x0000000060002000                __vectors_start__ = ABSOLUTE (.)
 *(SORT_BY_ALIGNMENT(.isr_vector))
 .isr_vector    0x0000000060002000      0x278 ./startup/startup_mimxrt1021.o
                0x0000000060002000                __Vectors
                0x0000000060002000                g_pfnVectors
                0x0000000060002278                . = ALIGN (0x4)
                0x0000000060002278                __section_table_start = .
                0x0000000060002278                __data_section_table = .
                0x0000000060002278        0x4 LONG 0x6000744c LOADADDR (.data)
                0x000000006000227c        0x4 LONG 0x20000000 ADDR (.data)
                0x0000000060002280        0x4 LONG 0x4 SIZEOF (.data)
                0x0000000060002284        0x4 LONG 0x6000744c LOADADDR (.data_RAM2)
                0x0000000060002288        0x4 LONG 0x0 ADDR (.data_RAM2)
                0x000000006000228c        0x4 LONG 0x0 SIZEOF (.data_RAM2)
                0x0000000060002290        0x4 LONG 0x6000744c LOADADDR (.data_RAM3)
                0x0000000060002294        0x4 LONG 0x20200000 ADDR (.data_RAM3)
                0x0000000060002298        0x4 LONG 0x0 SIZEOF (.data_RAM3)
                0x000000006000229c        0x4 LONG 0x6000744c LOADADDR (.data_RAM4)
                0x00000000600022a0        0x4 LONG 0x80000000 ADDR (.data_RAM4)
                0x00000000600022a4        0x4 LONG 0x0 SIZEOF (.data_RAM4)
                0x00000000600022a8        0x4 LONG 0x6000744c LOADADDR (.data_RAM5)
                0x00000000600022ac        0x4 LONG 0x81e00000 ADDR (.data_RAM5)
                0x00000000600022b0        0x4 LONG 0x0 SIZEOF (.data_RAM5)
                0x00000000600022b4                __data_section_table_end = .
                0x00000000600022b4                __bss_section_table = .
                0x00000000600022b4        0x4 LONG 0x20000004 ADDR (.bss)
                0x00000000600022b8        0x4 LONG 0x108 SIZEOF (.bss)
                0x00000000600022bc        0x4 LONG 0x0 ADDR (.bss_RAM2)
                0x00000000600022c0        0x4 LONG 0x0 SIZEOF (.bss_RAM2)
                0x00000000600022c4        0x4 LONG 0x20200000 ADDR (.bss_RAM3)
                0x00000000600022c8        0x4 LONG 0x0 SIZEOF (.bss_RAM3)
                0x00000000600022cc        0x4 LONG 0x80000000 ADDR (.bss_RAM4)
                0x00000000600022d0        0x4 LONG 0x0 SIZEOF (.bss_RAM4)
                0x00000000600022d4        0x4 LONG 0x81e00000 ADDR (.bss_RAM5)
                0x00000000600022d8        0x4 LONG 0x0 SIZEOF (.bss_RAM5)
                0x00000000600022dc                __bss_section_table_end = .
                0x00000000600022dc                __section_table_end = .
 *(SORT_BY_ALIGNMENT(.after_vectors*))
 .after_vectors.reset
                0x00000000600022dc       0x54 ./startup/startup_mimxrt1021.o
                0x00000000600022dc                ResetISR
 .after_vectors.init_data
                0x0000000060002330       0x1e ./startup/startup_mimxrt1021.o
                0x0000000060002330                data_init
 .after_vectors.init_bss
                0x000000006000234e       0x12 ./startup/startup_mimxrt1021.o
                0x000000006000234e                bss_init
 .after_vectors
                0x0000000060002360       0x14 ./startup/startup_mimxrt1021.o
                0x0000000060002360                NMI_Handler
                0x0000000060002364                MemManage_Handler
                0x0000000060002366                BusFault_Handler
                0x0000000060002368                UsageFault_Handler
                0x000000006000236a                SVC_Handler
                0x000000006000236c                DebugMon_Handler
                0x000000006000236e                PendSV_Handler
                0x0000000060002372                ACMP4_DriverIRQHandler
                0x0000000060002372                Reserved87_DriverIRQHandler
                0x0000000060002372                KPP_DriverIRQHandler
                0x0000000060002372                LPSPI2_DriverIRQHandler
                0x0000000060002372                SAI3_RX_DriverIRQHandler
                0x0000000060002372                CCM_2_DriverIRQHandler
                0x0000000060002372                PIT_DriverIRQHandler
                0x0000000060002372                Reserved102_DriverIRQHandler
                0x0000000060002372                Reserved152_DriverIRQHandler
                0x0000000060002372                DMA13_DMA29_DriverIRQHandler
                0x0000000060002372                FLEXRAM_DriverIRQHandler
                0x0000000060002372                LPSPI4_DriverIRQHandler
                0x0000000060002372                SEMC_DriverIRQHandler
                0x0000000060002372                SPDIF_DriverIRQHandler
                0x0000000060002372                USB_PHY_DriverIRQHandler
                0x0000000060002372                GPIO3_Combined_0_15_DriverIRQHandler
                0x0000000060002372                Reserved82_DriverIRQHandler
                0x0000000060002372                DMA7_DMA23_DriverIRQHandler
                0x0000000060002372                BEE_DriverIRQHandler
                0x0000000060002372                LPI2C3_DriverIRQHandler
                0x0000000060002372                GPR_IRQ_DriverIRQHandler
                0x0000000060002372                Reserved103_DriverIRQHandler
                0x0000000060002372                PWM2_FAULT_DriverIRQHandler
                0x0000000060002372                Reserved56_DriverIRQHandler
                0x0000000060002372                DMA14_DMA30_DriverIRQHandler
                0x0000000060002372                TMR1_DriverIRQHandler
                0x0000000060002372                TRNG_DriverIRQHandler
                0x0000000060002372                ENET_1588_Timer_DriverIRQHandler
                0x0000000060002372                GPIO2_Combined_16_31_DriverIRQHandler
                0x0000000060002372                Reserved143_DriverIRQHandler
                0x0000000060002372                Reserved151_DriverIRQHandler
                0x0000000060002372                DMA0_DMA16_DriverIRQHandler
                0x0000000060002372                IntDefaultHandler
                0x0000000060002372                DMA2_DMA18_DriverIRQHandler
                0x0000000060002372                SRC_DriverIRQHandler
                0x0000000060002372                GPIO1_INT4_DriverIRQHandler
                0x0000000060002372                Reserved144_DriverIRQHandler
                0x0000000060002372                USDHC1_DriverIRQHandler
                0x0000000060002372                SNVS_LP_HP_WRAPPER_DriverIRQHandler
                0x0000000060002372                EWM_DriverIRQHandler
                0x0000000060002372                WDOG1_DriverIRQHandler
                0x0000000060002372                FLEXIO1_DriverIRQHandler
                0x0000000060002372                ENET_DriverIRQHandler
                0x0000000060002372                Reserved78_DriverIRQHandler
                0x0000000060002372                ENC2_DriverIRQHandler
                0x0000000060002372                ADC_ETC_IRQ2_DriverIRQHandler
                0x0000000060002372                GPIO1_Combined_16_31_DriverIRQHandler
                0x0000000060002372                GPIO1_INT7_DriverIRQHandler
                0x0000000060002372                SAI1_DriverIRQHandler
                0x0000000060002372                DCDC_DriverIRQHandler
                0x0000000060002372                DMA12_DMA28_DriverIRQHandler
                0x0000000060002372                ADC_ETC_ERROR_IRQ_DriverIRQHandler
                0x0000000060002372                ACMP2_DriverIRQHandler
                0x0000000060002372                GPIO5_Combined_0_15_DriverIRQHandler
                0x0000000060002372                GPIO1_INT0_DriverIRQHandler
                0x0000000060002372                GPIO1_INT2_DriverIRQHandler
                0x0000000060002372                RTWDOG_DriverIRQHandler
                0x0000000060002372                FLEXSPI_DriverIRQHandler
                0x0000000060002372                GPT2_DriverIRQHandler
                0x0000000060002372                DMA10_DMA26_DriverIRQHandler
                0x0000000060002372                PWM2_1_DriverIRQHandler
                0x0000000060002372                PWM1_1_DriverIRQHandler
                0x0000000060002372                ADC1_DriverIRQHandler
                0x0000000060002372                Reserved148_DriverIRQHandler
                0x0000000060002372                PWM1_0_DriverIRQHandler
                0x0000000060002372                DMA1_DMA17_DriverIRQHandler
                0x0000000060002372                ENC1_DriverIRQHandler
                0x0000000060002372                DCP_DriverIRQHandler
                0x0000000060002372                CTI0_ERROR_DriverIRQHandler
                0x0000000060002372                DMA8_DMA24_DriverIRQHandler
                0x0000000060002372                GPT1_DriverIRQHandler
                0x0000000060002372                ACMP3_DriverIRQHandler
                0x0000000060002372                DMA6_DMA22_DriverIRQHandler
                0x0000000060002372                CSU_DriverIRQHandler
                0x0000000060002372                GPIO1_INT5_DriverIRQHandler
                0x0000000060002372                TMR2_DriverIRQHandler
                0x0000000060002372                CTI1_ERROR_DriverIRQHandler
                0x0000000060002372                GPIO1_Combined_0_15_DriverIRQHandler
                0x0000000060002372                USDHC2_DriverIRQHandler
                0x0000000060002372                SAI2_DriverIRQHandler
                0x0000000060002372                CORE_DriverIRQHandler
                0x0000000060002372                Reserved147_DriverIRQHandler
                0x0000000060002372                DMA11_DMA27_DriverIRQHandler
                0x0000000060002372                PWM2_3_DriverIRQHandler
                0x0000000060002372                Reserved60_DriverIRQHandler
                0x0000000060002372                XBAR1_IRQ_2_3_DriverIRQHandler
                0x0000000060002372                SNVS_HP_WRAPPER_TZ_DriverIRQHandler
                0x0000000060002372                GPIO3_Combined_16_31_DriverIRQHandler
                0x0000000060002372                PWM1_FAULT_DriverIRQHandler
                0x0000000060002372                LPI2C1_DriverIRQHandler
                0x0000000060002372                PWM2_2_DriverIRQHandler
                0x0000000060002372                Reserved128_DriverIRQHandler
                0x0000000060002372                DMA4_DMA20_DriverIRQHandler
                0x0000000060002372                DMA9_DMA25_DriverIRQHandler
                0x0000000060002372                SNVS_HP_WRAPPER_DriverIRQHandler
                0x0000000060002372                XBAR1_IRQ_0_1_DriverIRQHandler
                0x0000000060002372                ADC_ETC_IRQ1_DriverIRQHandler
                0x0000000060002372                LPSPI1_DriverIRQHandler
                0x0000000060002372                DMA3_DMA19_DriverIRQHandler
                0x0000000060002372                GPIO1_INT3_DriverIRQHandler
                0x0000000060002372                DCP_VMI_DriverIRQHandler
                0x0000000060002372                LPI2C4_DriverIRQHandler
                0x0000000060002372                GPC_DriverIRQHandler
                0x0000000060002372                Reserved123_DriverIRQHandler
                0x0000000060002372                GPIO2_Combined_0_15_DriverIRQHandler
                0x0000000060002372                PWM1_2_DriverIRQHandler
                0x0000000060002372                USB_OTG1_DriverIRQHandler
                0x0000000060002372                TEMP_LOW_HIGH_DriverIRQHandler
                0x0000000060002372                SAI3_TX_DriverIRQHandler
                0x0000000060002372                WDOG2_DriverIRQHandler
                0x0000000060002372                Reserved68_DriverIRQHandler
                0x0000000060002372                PMU_DriverIRQHandler
                0x0000000060002372                Reserved59_DriverIRQHandler
                0x0000000060002372                GPIO5_Combined_16_31_DriverIRQHandler
                0x0000000060002372                DMA5_DMA21_DriverIRQHandler
                0x0000000060002372                CCM_1_DriverIRQHandler
                0x0000000060002372                ADC2_DriverIRQHandler
                0x0000000060002372                Reserved58_DriverIRQHandler
                0x0000000060002372                Reserved115_DriverIRQHandler
                0x0000000060002372                TEMP_PANIC_DriverIRQHandler
                0x0000000060002372                DMA15_DMA31_DriverIRQHandler
                0x0000000060002372                Reserved107_DriverIRQHandler
                0x0000000060002372                LPSPI3_DriverIRQHandler
                0x0000000060002372                PWM1_3_DriverIRQHandler
                0x0000000060002372                Reserved70_DriverIRQHandler
                0x0000000060002372                ACMP1_DriverIRQHandler
                0x0000000060002372                LPI2C2_DriverIRQHandler
                0x0000000060002372                Reserved86_DriverIRQHandler
                0x0000000060002372                DMA_ERROR_DriverIRQHandler
                0x0000000060002372                ADC_ETC_IRQ0_DriverIRQHandler
                0x0000000060002372                GPIO1_INT6_DriverIRQHandler
                0x0000000060002372                GPIO1_INT1_DriverIRQHandler
                0x0000000060002372                PWM2_0_DriverIRQHandler
 *(SORT_BY_ALIGNMENT(.text*))
 .text.__NVIC_SetPriority
                0x0000000060002374       0x54 ./source/nema23.o
 .text.SysTick_Config
                0x00000000600023c8       0x44 ./source/nema23.o
 .text.CLOCK_ControlGate
                0x000000006000240c       0x60 ./source/nema23.o
 .text.SysTick_Handler
                0x000000006000246c       0x24 ./source/nema23.o
                0x000000006000246c                SysTick_Handler
 .text.SysTick_DelayTicks
                0x0000000060002490       0x2c ./source/nema23.o
                0x0000000060002490                SysTick_DelayTicks
 .text.main     0x00000000600024bc      0x210 ./source/nema23.o
                0x00000000600024bc                main
 .text.CLOCK_GetOscFreq
                0x00000000600026cc       0x30 ./drivers/fsl_clock.o
 .text.CLOCK_InitExternalClk
                0x00000000600026fc       0x6c ./drivers/fsl_clock.o
                0x00000000600026fc                CLOCK_InitExternalClk
 .text.CLOCK_SwitchOsc
                0x0000000060002768       0x34 ./drivers/fsl_clock.o
                0x0000000060002768                CLOCK_SwitchOsc
 .text.CLOCK_InitRcOsc24M
                0x000000006000279c       0x24 ./drivers/fsl_clock.o
                0x000000006000279c                CLOCK_InitRcOsc24M
 .text.CLOCK_InitSysPll
                0x00000000600027c0       0x9c ./drivers/fsl_clock.o
                0x00000000600027c0                CLOCK_InitSysPll
 .text.CLOCK_DeinitAudioPll
                0x000000006000285c       0x1c ./drivers/fsl_clock.o
                0x000000006000285c                CLOCK_DeinitAudioPll
 .text.CLOCK_InitEnetPll
                0x0000000060002878       0xa4 ./drivers/fsl_clock.o
                0x0000000060002878                CLOCK_InitEnetPll
 .text.CLOCK_GetPllFreq
                0x000000006000291c      0x2a0 ./drivers/fsl_clock.o
                0x000000006000291c                CLOCK_GetPllFreq
 .text.CLOCK_InitSysPfd
                0x0000000060002bbc       0x64 ./drivers/fsl_clock.o
                0x0000000060002bbc                CLOCK_InitSysPfd
 .text.CLOCK_ControlGate
                0x0000000060002c20       0x60 ./drivers/fsl_flexcan.o
 .text.FLEXCAN_GetInstance
                0x0000000060002c80       0x4c ./drivers/fsl_flexcan.o
                0x0000000060002c80                FLEXCAN_GetInstance
 .text.FLEXCAN_Reset
                0x0000000060002ccc       0xbc ./drivers/fsl_flexcan.o
 .text.FLEXCAN_SetBitRate
                0x0000000060002d88       0xb0 ./drivers/fsl_flexcan.o
 .text.FLEXCAN_Init
                0x0000000060002e38      0x1bc ./drivers/fsl_flexcan.o
                0x0000000060002e38                FLEXCAN_Init
 .text.FLEXCAN_GetDefaultConfig
                0x0000000060002ff4       0x88 ./drivers/fsl_flexcan.o
                0x0000000060002ff4                FLEXCAN_GetDefaultConfig
 .text.FLEXCAN_SetTimingConfig
                0x000000006000307c       0x7c ./drivers/fsl_flexcan.o
                0x000000006000307c                FLEXCAN_SetTimingConfig
 .text.FLEXCAN_SetTxMbConfig
                0x00000000600030f8       0xa4 ./drivers/fsl_flexcan.o
                0x00000000600030f8                FLEXCAN_SetTxMbConfig
 .text.FLEXCAN_SetRxMbConfig
                0x000000006000319c       0xf8 ./drivers/fsl_flexcan.o
                0x000000006000319c                FLEXCAN_SetRxMbConfig
 .text.FLEXCAN_WriteTxMb
                0x0000000060003294      0x188 ./drivers/fsl_flexcan.o
                0x0000000060003294                FLEXCAN_WriteTxMb
 .text.FLEXCAN_ReadRxMb
                0x000000006000341c      0x124 ./drivers/fsl_flexcan.o
                0x000000006000341c                FLEXCAN_ReadRxMb
 .text.CAN1_DriverIRQHandler
                0x0000000060003540       0x3c ./drivers/fsl_flexcan.o
                0x0000000060003540                CAN1_DriverIRQHandler
 .text.CAN2_DriverIRQHandler
                0x000000006000357c       0x3c ./drivers/fsl_flexcan.o
                0x000000006000357c                CAN2_DriverIRQHandler
 .text.CLOCK_ControlGate
                0x00000000600035b8       0x60 ./drivers/fsl_gpio.o
 .text.GPIO_GetInstance
                0x0000000060003618       0x4c ./drivers/fsl_gpio.o
 .text.GPIO_PinInit
                0x0000000060003664       0xa4 ./drivers/fsl_gpio.o
                0x0000000060003664                GPIO_PinInit
 .text.GPIO_PinWrite
                0x0000000060003708       0x48 ./drivers/fsl_gpio.o
                0x0000000060003708                GPIO_PinWrite
 .text.GPIO_PinSetInterruptConfig
                0x0000000060003750       0xfc ./drivers/fsl_gpio.o
                0x0000000060003750                GPIO_PinSetInterruptConfig
 .text.LPUART1_DriverIRQHandler
                0x000000006000384c       0x28 ./drivers/fsl_lpuart.o
                0x000000006000384c                LPUART1_DriverIRQHandler
 .text.LPUART2_DriverIRQHandler
                0x0000000060003874       0x28 ./drivers/fsl_lpuart.o
                0x0000000060003874                LPUART2_DriverIRQHandler
 .text.LPUART3_DriverIRQHandler
                0x000000006000389c       0x28 ./drivers/fsl_lpuart.o
                0x000000006000389c                LPUART3_DriverIRQHandler
 .text.LPUART4_DriverIRQHandler
                0x00000000600038c4       0x28 ./drivers/fsl_lpuart.o
                0x00000000600038c4                LPUART4_DriverIRQHandler
 .text.LPUART5_DriverIRQHandler
                0x00000000600038ec       0x28 ./drivers/fsl_lpuart.o
                0x00000000600038ec                LPUART5_DriverIRQHandler
 .text.LPUART6_DriverIRQHandler
                0x0000000060003914       0x28 ./drivers/fsl_lpuart.o
                0x0000000060003914                LPUART6_DriverIRQHandler
 .text.LPUART7_DriverIRQHandler
                0x000000006000393c       0x28 ./drivers/fsl_lpuart.o
                0x000000006000393c                LPUART7_DriverIRQHandler
 .text.LPUART8_DriverIRQHandler
                0x0000000060003964       0x28 ./drivers/fsl_lpuart.o
                0x0000000060003964                LPUART8_DriverIRQHandler
 .text.SystemInit
                0x000000006000398c      0x144 ./device/system_MIMXRT1021.o
                0x000000006000398c                SystemInit
 .text.ARM_MPU_Enable
                0x0000000060003ad0       0x40 ./board/board.o
 .text.ARM_MPU_Disable
                0x0000000060003b10       0x34 ./board/board.o
 .text.CLOCK_GetMux
                0x0000000060003b44       0x44 ./board/board.o
 .text.CLOCK_GetDiv
                0x0000000060003b88       0x44 ./board/board.o
 .text.CLOCK_GetOscFreq
                0x0000000060003bcc       0x30 ./board/board.o
 .text.BOARD_DebugConsoleSrcFreq
                0x0000000060003bfc       0x64 ./board/board.o
                0x0000000060003bfc                BOARD_DebugConsoleSrcFreq
 .text.BOARD_ConfigMPU
                0x0000000060003c60      0x324 ./board/board.o
                0x0000000060003c60                BOARD_ConfigMPU
 .text.CLOCK_SetMux
                0x0000000060003f84       0x9c ./board/clock_config.o
 .text.CLOCK_SetDiv
                0x0000000060004020       0x9c ./board/clock_config.o
 .text.CLOCK_ControlGate
                0x00000000600040bc       0x60 ./board/clock_config.o
 .text.CLOCK_SetXtalFreq
                0x000000006000411c       0x20 ./board/clock_config.o
 .text.CLOCK_SetRtcXtalFreq
                0x000000006000413c       0x20 ./board/clock_config.o
 .text.IOMUXC_MQSConfig
                0x000000006000415c       0x44 ./board/clock_config.o
 .text.BOARD_BootClockRUN
                0x00000000600041a0      0x4ec ./board/clock_config.o
                0x00000000600041a0                BOARD_BootClockRUN
 .text.CLOCK_ControlGate
                0x000000006000468c       0x60 ./board/pin_mux.o
 .text.BOARD_InitPins
                0x00000000600046ec       0x6c ./board/pin_mux.o
                0x00000000600046ec                BOARD_InitPins
 .text.BOARD_InitDEBUG_UARTPins
                0x0000000060004758       0x4c ./board/pin_mux.o
                0x0000000060004758                BOARD_InitDEBUG_UARTPins
 .text.__assertion_failed
                0x00000000600047a4       0x4c /usr/local/mcuxpressoide-11.5.0_7232/ide/plugins/com.nxp.mcuxpresso.tools.linux_11.5.0.202107051138/tools/bin/../lib/gcc/arm-none-eabi/10.3.1/../../../../arm-none-eabi/lib/thumb/v7e-m+fp/hard/libcr_semihost_nf.a(_cr_assert.o)
                0x00000000600047a4                __assertion_failed
 .text.__sys_appexit
                0x00000000600047f0        0xc /usr/local/mcuxpressoide-11.5.0_7232/ide/plugins/com.nxp.mcuxpresso.tools.linux_11.5.0.202107051138/tools/bin/../lib/gcc/arm-none-eabi/10.3.1/../../../../arm-none-eabi/lib/thumb/v7e-m+fp/hard/libcr_semihost_nf.a(__sys_appexit.o)
                0x00000000600047f0                __exit
                0x00000000600047f0                __sys_appexit
 .text._Cwritebuf
                0x00000000600047fc       0x6c /usr/local/mcuxpressoide-11.5.0_7232/ide/plugins/com.nxp.mcuxpresso.tools.linux_11.5.0.202107051138/tools/bin/../lib/gcc/arm-none-eabi/10.3.1/../../../../arm-none-eabi/lib/thumb/v7e-m+fp/hard/libcr_c.a(_writebuf.o)
                0x00000000600047fc                _Cwritebuf
 .text.malloc   0x0000000060004868       0xc8 /usr/local/mcuxpressoide-11.5.0_7232/ide/plugins/com.nxp.mcuxpresso.tools.linux_11.5.0.202107051138/tools/bin/../lib/gcc/arm-none-eabi/10.3.1/../../../../arm-none-eabi/lib/thumb/v7e-m+fp/hard/libcr_c.a(alloc.o)
                0x0000000060004868                malloc
 .text._Csys_alloc
                0x0000000060004930       0x20 /usr/local/mcuxpressoide-11.5.0_7232/ide/plugins/com.nxp.mcuxpresso.tools.linux_11.5.0.202107051138/tools/bin/../lib/gcc/arm-none-eabi/10.3.1/../../../../arm-none-eabi/lib/thumb/v7e-m+fp/hard/libcr_c.a(alloc.o)
                0x0000000060004930                _Csys_alloc
 .text.fseek    0x0000000060004950       0xfc /usr/local/mcuxpressoide-11.5.0_7232/ide/plugins/com.nxp.mcuxpresso.tools.linux_11.5.0.202107051138/tools/bin/../lib/gcc/arm-none-eabi/10.3.1/../../../../arm-none-eabi/lib/thumb/v7e-m+fp/hard/libcr_c.a(fseek.o)
                0x0000000060004950                fseek
 .text.ftell    0x0000000060004a4c       0x44 /usr/local/mcuxpressoide-11.5.0_7232/ide/plugins/com.nxp.mcuxpresso.tools.linux_11.5.0.202107051138/tools/bin/../lib/gcc/arm-none-eabi/10.3.1/../../../../arm-none-eabi/lib/thumb/v7e-m+fp/hard/libcr_c.a(ftell.o)
                0x0000000060004a4c                ftell
 .text._initio  0x0000000060004a90       0x78 /usr/local/mcuxpressoide-11.5.0_7232/ide/plugins/com.nxp.mcuxpresso.tools.linux_11.5.0.202107051138/tools/bin/../lib/gcc/arm-none-eabi/10.3.1/../../../../arm-none-eabi/lib/thumb/v7e-m+fp/hard/libcr_c.a(initio.o)
                0x0000000060004a90                _initio
 .text.__vfprintf
                0x0000000060004b08      0xbf8 /usr/local/mcuxpressoide-11.5.0_7232/ide/plugins/com.nxp.mcuxpresso.tools.linux_11.5.0.202107051138/tools/bin/../lib/gcc/arm-none-eabi/10.3.1/../../../../arm-none-eabi/lib/thumb/v7e-m+fp/hard/libcr_c.a(printf.o)
                0x0000000060004b08                __vfprintf
 .text._vsnprintf
                0x0000000060005700       0x68 /usr/local/mcuxpressoide-11.5.0_7232/ide/plugins/com.nxp.mcuxpresso.tools.linux_11.5.0.202107051138/tools/bin/../lib/gcc/arm-none-eabi/10.3.1/../../../../arm-none-eabi/lib/thumb/v7e-m+fp/hard/libcr_c.a(printf.o)
                0x0000000060005700                _vsnprintf
 .text._printf  0x0000000060005768       0x54 /usr/local/mcuxpressoide-11.5.0_7232/ide/plugins/com.nxp.mcuxpresso.tools.linux_11.5.0.202107051138/tools/bin/../lib/gcc/arm-none-eabi/10.3.1/../../../../arm-none-eabi/lib/thumb/v7e-m+fp/hard/libcr_c.a(printf.o)
                0x0000000060005768                _printf
 .text._sbrk    0x00000000600057bc       0x3c /usr/local/mcuxpressoide-11.5.0_7232/ide/plugins/com.nxp.mcuxpresso.tools.linux_11.5.0.202107051138/tools/bin/../lib/gcc/arm-none-eabi/10.3.1/../../../../arm-none-eabi/lib/thumb/v7e-m+fp/hard/libcr_c.a(_cr_sbrk.o)
                0x00000000600057bc                _sbrk
 .text.fflush   0x00000000600057f8       0x3c /usr/local/mcuxpressoide-11.5.0_7232/ide/plugins/com.nxp.mcuxpresso.tools.linux_11.5.0.202107051138/tools/bin/../lib/gcc/arm-none-eabi/10.3.1/../../../../arm-none-eabi/lib/thumb/v7e-m+fp/hard/libcr_c.a(fflush.o)
                0x00000000600057f8                fflush
 .text.__check_heap_overflow
                0x0000000060005834       0x18 /usr/local/mcuxpressoide-11.5.0_7232/ide/plugins/com.nxp.mcuxpresso.tools.linux_11.5.0.202107051138/tools/bin/../lib/gcc/arm-none-eabi/10.3.1/../../../../arm-none-eabi/lib/thumb/v7e-m+fp/hard/libcr_c.a(_cr_check_heap.o)
                0x0000000060005834                __check_heap_overflow
 .text.DMA0_DMA16_IRQHandler
                0x000000006000584c        0x8 ./startup/startup_mimxrt1021.o
                0x000000006000584c                DMA0_DMA16_IRQHandler
 .text.DMA1_DMA17_IRQHandler
                0x0000000060005854        0x8 ./startup/startup_mimxrt1021.o
                0x0000000060005854                DMA1_DMA17_IRQHandler
 .text.DMA2_DMA18_IRQHandler
                0x000000006000585c        0x8 ./startup/startup_mimxrt1021.o
                0x000000006000585c                DMA2_DMA18_IRQHandler
 .text.DMA3_DMA19_IRQHandler
                0x0000000060005864        0x8 ./startup/startup_mimxrt1021.o
                0x0000000060005864                DMA3_DMA19_IRQHandler
 .text.DMA4_DMA20_IRQHandler
                0x000000006000586c        0x8 ./startup/startup_mimxrt1021.o
                0x000000006000586c                DMA4_DMA20_IRQHandler
 .text.DMA5_DMA21_IRQHandler
                0x0000000060005874        0x8 ./startup/startup_mimxrt1021.o
                0x0000000060005874                DMA5_DMA21_IRQHandler
 .text.DMA6_DMA22_IRQHandler
                0x000000006000587c        0x8 ./startup/startup_mimxrt1021.o
                0x000000006000587c                DMA6_DMA22_IRQHandler
 .text.DMA7_DMA23_IRQHandler
                0x0000000060005884        0x8 ./startup/startup_mimxrt1021.o
                0x0000000060005884                DMA7_DMA23_IRQHandler
 .text.DMA8_DMA24_IRQHandler
                0x000000006000588c        0x8 ./startup/startup_mimxrt1021.o
                0x000000006000588c                DMA8_DMA24_IRQHandler
 .text.DMA9_DMA25_IRQHandler
                0x0000000060005894        0x8 ./startup/startup_mimxrt1021.o
                0x0000000060005894                DMA9_DMA25_IRQHandler
 .text.DMA10_DMA26_IRQHandler
                0x000000006000589c        0x8 ./startup/startup_mimxrt1021.o
                0x000000006000589c                DMA10_DMA26_IRQHandler
 .text.DMA11_DMA27_IRQHandler
                0x00000000600058a4        0x8 ./startup/startup_mimxrt1021.o
                0x00000000600058a4                DMA11_DMA27_IRQHandler
 .text.DMA12_DMA28_IRQHandler
                0x00000000600058ac        0x8 ./startup/startup_mimxrt1021.o
                0x00000000600058ac                DMA12_DMA28_IRQHandler
 .text.DMA13_DMA29_IRQHandler
                0x00000000600058b4        0x8 ./startup/startup_mimxrt1021.o
                0x00000000600058b4                DMA13_DMA29_IRQHandler
 .text.DMA14_DMA30_IRQHandler
                0x00000000600058bc        0x8 ./startup/startup_mimxrt1021.o
                0x00000000600058bc                DMA14_DMA30_IRQHandler
 .text.DMA15_DMA31_IRQHandler
                0x00000000600058c4        0x8 ./startup/startup_mimxrt1021.o
                0x00000000600058c4                DMA15_DMA31_IRQHandler
 .text.DMA_ERROR_IRQHandler
                0x00000000600058cc        0x8 ./startup/startup_mimxrt1021.o
                0x00000000600058cc                DMA_ERROR_IRQHandler
 .text.CTI0_ERROR_IRQHandler
                0x00000000600058d4        0x8 ./startup/startup_mimxrt1021.o
                0x00000000600058d4                CTI0_ERROR_IRQHandler
 .text.CTI1_ERROR_IRQHandler
                0x00000000600058dc        0x8 ./startup/startup_mimxrt1021.o
                0x00000000600058dc                CTI1_ERROR_IRQHandler
 .text.CORE_IRQHandler
                0x00000000600058e4        0x8 ./startup/startup_mimxrt1021.o
                0x00000000600058e4                CORE_IRQHandler
 .text.LPUART1_IRQHandler
                0x00000000600058ec        0x8 ./startup/startup_mimxrt1021.o
                0x00000000600058ec                LPUART1_IRQHandler
 .text.LPUART2_IRQHandler
                0x00000000600058f4        0x8 ./startup/startup_mimxrt1021.o
                0x00000000600058f4                LPUART2_IRQHandler
 .text.LPUART3_IRQHandler
                0x00000000600058fc        0x8 ./startup/startup_mimxrt1021.o
                0x00000000600058fc                LPUART3_IRQHandler
 .text.LPUART4_IRQHandler
                0x0000000060005904        0x8 ./startup/startup_mimxrt1021.o
                0x0000000060005904                LPUART4_IRQHandler
 .text.LPUART5_IRQHandler
                0x000000006000590c        0x8 ./startup/startup_mimxrt1021.o
                0x000000006000590c                LPUART5_IRQHandler
 .text.LPUART6_IRQHandler
                0x0000000060005914        0x8 ./startup/startup_mimxrt1021.o
                0x0000000060005914                LPUART6_IRQHandler
 .text.LPUART7_IRQHandler
                0x000000006000591c        0x8 ./startup/startup_mimxrt1021.o
                0x000000006000591c                LPUART7_IRQHandler
 .text.LPUART8_IRQHandler
                0x0000000060005924        0x8 ./startup/startup_mimxrt1021.o
                0x0000000060005924                LPUART8_IRQHandler
 .text.LPI2C1_IRQHandler
                0x000000006000592c        0x8 ./startup/startup_mimxrt1021.o
                0x000000006000592c                LPI2C1_IRQHandler
 .text.LPI2C2_IRQHandler
                0x0000000060005934        0x8 ./startup/startup_mimxrt1021.o
                0x0000000060005934                LPI2C2_IRQHandler
 .text.LPI2C3_IRQHandler
                0x000000006000593c        0x8 ./startup/startup_mimxrt1021.o
                0x000000006000593c                LPI2C3_IRQHandler
 .text.LPI2C4_IRQHandler
                0x0000000060005944        0x8 ./startup/startup_mimxrt1021.o
                0x0000000060005944                LPI2C4_IRQHandler
 .text.LPSPI1_IRQHandler
                0x000000006000594c        0x8 ./startup/startup_mimxrt1021.o
                0x000000006000594c                LPSPI1_IRQHandler
 .text.LPSPI2_IRQHandler
                0x0000000060005954        0x8 ./startup/startup_mimxrt1021.o
                0x0000000060005954                LPSPI2_IRQHandler
 .text.LPSPI3_IRQHandler
                0x000000006000595c        0x8 ./startup/startup_mimxrt1021.o
                0x000000006000595c                LPSPI3_IRQHandler
 .text.LPSPI4_IRQHandler
                0x0000000060005964        0x8 ./startup/startup_mimxrt1021.o
                0x0000000060005964                LPSPI4_IRQHandler
 .text.CAN1_IRQHandler
                0x000000006000596c        0x8 ./startup/startup_mimxrt1021.o
                0x000000006000596c                CAN1_IRQHandler
 .text.CAN2_IRQHandler
                0x0000000060005974        0x8 ./startup/startup_mimxrt1021.o
                0x0000000060005974                CAN2_IRQHandler
 .text.FLEXRAM_IRQHandler
                0x000000006000597c        0x8 ./startup/startup_mimxrt1021.o
                0x000000006000597c                FLEXRAM_IRQHandler
 .text.KPP_IRQHandler
                0x0000000060005984        0x8 ./startup/startup_mimxrt1021.o
                0x0000000060005984                KPP_IRQHandler
 .text.Reserved56_IRQHandler
                0x000000006000598c        0x8 ./startup/startup_mimxrt1021.o
                0x000000006000598c                Reserved56_IRQHandler
 .text.GPR_IRQ_IRQHandler
                0x0000000060005994        0x8 ./startup/startup_mimxrt1021.o
                0x0000000060005994                GPR_IRQ_IRQHandler
 .text.Reserved58_IRQHandler
                0x000000006000599c        0x8 ./startup/startup_mimxrt1021.o
                0x000000006000599c                Reserved58_IRQHandler
 .text.Reserved59_IRQHandler
                0x00000000600059a4        0x8 ./startup/startup_mimxrt1021.o
                0x00000000600059a4                Reserved59_IRQHandler
 .text.Reserved60_IRQHandler
                0x00000000600059ac        0x8 ./startup/startup_mimxrt1021.o
                0x00000000600059ac                Reserved60_IRQHandler
 .text.WDOG2_IRQHandler
                0x00000000600059b4        0x8 ./startup/startup_mimxrt1021.o
                0x00000000600059b4                WDOG2_IRQHandler
 .text.SNVS_HP_WRAPPER_IRQHandler
                0x00000000600059bc        0x8 ./startup/startup_mimxrt1021.o
                0x00000000600059bc                SNVS_HP_WRAPPER_IRQHandler
 .text.SNVS_HP_WRAPPER_TZ_IRQHandler
                0x00000000600059c4        0x8 ./startup/startup_mimxrt1021.o
                0x00000000600059c4                SNVS_HP_WRAPPER_TZ_IRQHandler
 .text.SNVS_LP_HP_WRAPPER_IRQHandler
                0x00000000600059cc        0x8 ./startup/startup_mimxrt1021.o
                0x00000000600059cc                SNVS_LP_HP_WRAPPER_IRQHandler
 .text.CSU_IRQHandler
                0x00000000600059d4        0x8 ./startup/startup_mimxrt1021.o
                0x00000000600059d4                CSU_IRQHandler
 .text.DCP_IRQHandler
                0x00000000600059dc        0x8 ./startup/startup_mimxrt1021.o
                0x00000000600059dc                DCP_IRQHandler
 .text.DCP_VMI_IRQHandler
                0x00000000600059e4        0x8 ./startup/startup_mimxrt1021.o
                0x00000000600059e4                DCP_VMI_IRQHandler
 .text.Reserved68_IRQHandler
                0x00000000600059ec        0x8 ./startup/startup_mimxrt1021.o
                0x00000000600059ec                Reserved68_IRQHandler
 .text.TRNG_IRQHandler
                0x00000000600059f4        0x8 ./startup/startup_mimxrt1021.o
                0x00000000600059f4                TRNG_IRQHandler
 .text.Reserved70_IRQHandler
                0x00000000600059fc        0x8 ./startup/startup_mimxrt1021.o
                0x00000000600059fc                Reserved70_IRQHandler
 .text.BEE_IRQHandler
                0x0000000060005a04        0x8 ./startup/startup_mimxrt1021.o
                0x0000000060005a04                BEE_IRQHandler
 .text.SAI1_IRQHandler
                0x0000000060005a0c        0x8 ./startup/startup_mimxrt1021.o
                0x0000000060005a0c                SAI1_IRQHandler
 .text.SAI2_IRQHandler
                0x0000000060005a14        0x8 ./startup/startup_mimxrt1021.o
                0x0000000060005a14                SAI2_IRQHandler
 .text.SAI3_RX_IRQHandler
                0x0000000060005a1c        0x8 ./startup/startup_mimxrt1021.o
                0x0000000060005a1c                SAI3_RX_IRQHandler
 .text.SAI3_TX_IRQHandler
                0x0000000060005a24        0x8 ./startup/startup_mimxrt1021.o
                0x0000000060005a24                SAI3_TX_IRQHandler
 .text.SPDIF_IRQHandler
                0x0000000060005a2c        0x8 ./startup/startup_mimxrt1021.o
                0x0000000060005a2c                SPDIF_IRQHandler
 .text.PMU_IRQHandler
                0x0000000060005a34        0x8 ./startup/startup_mimxrt1021.o
                0x0000000060005a34                PMU_IRQHandler
 .text.Reserved78_IRQHandler
                0x0000000060005a3c        0x8 ./startup/startup_mimxrt1021.o
                0x0000000060005a3c                Reserved78_IRQHandler
 .text.TEMP_LOW_HIGH_IRQHandler
                0x0000000060005a44        0x8 ./startup/startup_mimxrt1021.o
                0x0000000060005a44                TEMP_LOW_HIGH_IRQHandler
 .text.TEMP_PANIC_IRQHandler
                0x0000000060005a4c        0x8 ./startup/startup_mimxrt1021.o
                0x0000000060005a4c                TEMP_PANIC_IRQHandler
 .text.USB_PHY_IRQHandler
                0x0000000060005a54        0x8 ./startup/startup_mimxrt1021.o
                0x0000000060005a54                USB_PHY_IRQHandler
 .text.Reserved82_IRQHandler
                0x0000000060005a5c        0x8 ./startup/startup_mimxrt1021.o
                0x0000000060005a5c                Reserved82_IRQHandler
 .text.ADC1_IRQHandler
                0x0000000060005a64        0x8 ./startup/startup_mimxrt1021.o
                0x0000000060005a64                ADC1_IRQHandler
 .text.ADC2_IRQHandler
                0x0000000060005a6c        0x8 ./startup/startup_mimxrt1021.o
                0x0000000060005a6c                ADC2_IRQHandler
 .text.DCDC_IRQHandler
                0x0000000060005a74        0x8 ./startup/startup_mimxrt1021.o
                0x0000000060005a74                DCDC_IRQHandler
 .text.Reserved86_IRQHandler
                0x0000000060005a7c        0x8 ./startup/startup_mimxrt1021.o
                0x0000000060005a7c                Reserved86_IRQHandler
 .text.Reserved87_IRQHandler
                0x0000000060005a84        0x8 ./startup/startup_mimxrt1021.o
                0x0000000060005a84                Reserved87_IRQHandler
 .text.GPIO1_INT0_IRQHandler
                0x0000000060005a8c        0x8 ./startup/startup_mimxrt1021.o
                0x0000000060005a8c                GPIO1_INT0_IRQHandler
 .text.GPIO1_INT1_IRQHandler
                0x0000000060005a94        0x8 ./startup/startup_mimxrt1021.o
                0x0000000060005a94                GPIO1_INT1_IRQHandler
 .text.GPIO1_INT2_IRQHandler
                0x0000000060005a9c        0x8 ./startup/startup_mimxrt1021.o
                0x0000000060005a9c                GPIO1_INT2_IRQHandler
 .text.GPIO1_INT3_IRQHandler
                0x0000000060005aa4        0x8 ./startup/startup_mimxrt1021.o
                0x0000000060005aa4                GPIO1_INT3_IRQHandler
 .text.GPIO1_INT4_IRQHandler
                0x0000000060005aac        0x8 ./startup/startup_mimxrt1021.o
                0x0000000060005aac                GPIO1_INT4_IRQHandler
 .text.GPIO1_INT5_IRQHandler
                0x0000000060005ab4        0x8 ./startup/startup_mimxrt1021.o
                0x0000000060005ab4                GPIO1_INT5_IRQHandler
 .text.GPIO1_INT6_IRQHandler
                0x0000000060005abc        0x8 ./startup/startup_mimxrt1021.o
                0x0000000060005abc                GPIO1_INT6_IRQHandler
 .text.GPIO1_INT7_IRQHandler
                0x0000000060005ac4        0x8 ./startup/startup_mimxrt1021.o
                0x0000000060005ac4                GPIO1_INT7_IRQHandler
 .text.GPIO1_Combined_0_15_IRQHandler
                0x0000000060005acc        0x8 ./startup/startup_mimxrt1021.o
                0x0000000060005acc                GPIO1_Combined_0_15_IRQHandler
 .text.GPIO1_Combined_16_31_IRQHandler
                0x0000000060005ad4        0x8 ./startup/startup_mimxrt1021.o
                0x0000000060005ad4                GPIO1_Combined_16_31_IRQHandler
 .text.GPIO2_Combined_0_15_IRQHandler
                0x0000000060005adc        0x8 ./startup/startup_mimxrt1021.o
                0x0000000060005adc                GPIO2_Combined_0_15_IRQHandler
 .text.GPIO2_Combined_16_31_IRQHandler
                0x0000000060005ae4        0x8 ./startup/startup_mimxrt1021.o
                0x0000000060005ae4                GPIO2_Combined_16_31_IRQHandler
 .text.GPIO3_Combined_0_15_IRQHandler
                0x0000000060005aec        0x8 ./startup/startup_mimxrt1021.o
                0x0000000060005aec                GPIO3_Combined_0_15_IRQHandler
 .text.GPIO3_Combined_16_31_IRQHandler
                0x0000000060005af4        0x8 ./startup/startup_mimxrt1021.o
                0x0000000060005af4                GPIO3_Combined_16_31_IRQHandler
 .text.Reserved102_IRQHandler
                0x0000000060005afc        0x8 ./startup/startup_mimxrt1021.o
                0x0000000060005afc                Reserved102_IRQHandler
 .text.Reserved103_IRQHandler
                0x0000000060005b04        0x8 ./startup/startup_mimxrt1021.o
                0x0000000060005b04                Reserved103_IRQHandler
 .text.GPIO5_Combined_0_15_IRQHandler
                0x0000000060005b0c        0x8 ./startup/startup_mimxrt1021.o
                0x0000000060005b0c                GPIO5_Combined_0_15_IRQHandler
 .text.GPIO5_Combined_16_31_IRQHandler
                0x0000000060005b14        0x8 ./startup/startup_mimxrt1021.o
                0x0000000060005b14                GPIO5_Combined_16_31_IRQHandler
 .text.FLEXIO1_IRQHandler
                0x0000000060005b1c        0x8 ./startup/startup_mimxrt1021.o
                0x0000000060005b1c                FLEXIO1_IRQHandler
 .text.Reserved107_IRQHandler
                0x0000000060005b24        0x8 ./startup/startup_mimxrt1021.o
                0x0000000060005b24                Reserved107_IRQHandler
 .text.WDOG1_IRQHandler
                0x0000000060005b2c        0x8 ./startup/startup_mimxrt1021.o
                0x0000000060005b2c                WDOG1_IRQHandler
 .text.RTWDOG_IRQHandler
                0x0000000060005b34        0x8 ./startup/startup_mimxrt1021.o
                0x0000000060005b34                RTWDOG_IRQHandler
 .text.EWM_IRQHandler
                0x0000000060005b3c        0x8 ./startup/startup_mimxrt1021.o
                0x0000000060005b3c                EWM_IRQHandler
 .text.CCM_1_IRQHandler
                0x0000000060005b44        0x8 ./startup/startup_mimxrt1021.o
                0x0000000060005b44                CCM_1_IRQHandler
 .text.CCM_2_IRQHandler
                0x0000000060005b4c        0x8 ./startup/startup_mimxrt1021.o
                0x0000000060005b4c                CCM_2_IRQHandler
 .text.GPC_IRQHandler
                0x0000000060005b54        0x8 ./startup/startup_mimxrt1021.o
                0x0000000060005b54                GPC_IRQHandler
 .text.SRC_IRQHandler
                0x0000000060005b5c        0x8 ./startup/startup_mimxrt1021.o
                0x0000000060005b5c                SRC_IRQHandler
 .text.Reserved115_IRQHandler
                0x0000000060005b64        0x8 ./startup/startup_mimxrt1021.o
                0x0000000060005b64                Reserved115_IRQHandler
 .text.GPT1_IRQHandler
                0x0000000060005b6c        0x8 ./startup/startup_mimxrt1021.o
                0x0000000060005b6c                GPT1_IRQHandler
 .text.GPT2_IRQHandler
                0x0000000060005b74        0x8 ./startup/startup_mimxrt1021.o
                0x0000000060005b74                GPT2_IRQHandler
 .text.PWM1_0_IRQHandler
                0x0000000060005b7c        0x8 ./startup/startup_mimxrt1021.o
                0x0000000060005b7c                PWM1_0_IRQHandler
 .text.PWM1_1_IRQHandler
                0x0000000060005b84        0x8 ./startup/startup_mimxrt1021.o
                0x0000000060005b84                PWM1_1_IRQHandler
 .text.PWM1_2_IRQHandler
                0x0000000060005b8c        0x8 ./startup/startup_mimxrt1021.o
                0x0000000060005b8c                PWM1_2_IRQHandler
 .text.PWM1_3_IRQHandler
                0x0000000060005b94        0x8 ./startup/startup_mimxrt1021.o
                0x0000000060005b94                PWM1_3_IRQHandler
 .text.PWM1_FAULT_IRQHandler
                0x0000000060005b9c        0x8 ./startup/startup_mimxrt1021.o
                0x0000000060005b9c                PWM1_FAULT_IRQHandler
 .text.Reserved123_IRQHandler
                0x0000000060005ba4        0x8 ./startup/startup_mimxrt1021.o
                0x0000000060005ba4                Reserved123_IRQHandler
 .text.FLEXSPI_IRQHandler
                0x0000000060005bac        0x8 ./startup/startup_mimxrt1021.o
                0x0000000060005bac                FLEXSPI_IRQHandler
 .text.SEMC_IRQHandler
                0x0000000060005bb4        0x8 ./startup/startup_mimxrt1021.o
                0x0000000060005bb4                SEMC_IRQHandler
 .text.USDHC1_IRQHandler
                0x0000000060005bbc        0x8 ./startup/startup_mimxrt1021.o
                0x0000000060005bbc                USDHC1_IRQHandler
 .text.USDHC2_IRQHandler
                0x0000000060005bc4        0x8 ./startup/startup_mimxrt1021.o
                0x0000000060005bc4                USDHC2_IRQHandler
 .text.Reserved128_IRQHandler
                0x0000000060005bcc        0x8 ./startup/startup_mimxrt1021.o
                0x0000000060005bcc                Reserved128_IRQHandler
 .text.USB_OTG1_IRQHandler
                0x0000000060005bd4        0x8 ./startup/startup_mimxrt1021.o
                0x0000000060005bd4                USB_OTG1_IRQHandler
 .text.ENET_IRQHandler
                0x0000000060005bdc        0x8 ./startup/startup_mimxrt1021.o
                0x0000000060005bdc                ENET_IRQHandler
 .text.ENET_1588_Timer_IRQHandler
                0x0000000060005be4        0x8 ./startup/startup_mimxrt1021.o
                0x0000000060005be4                ENET_1588_Timer_IRQHandler
 .text.XBAR1_IRQ_0_1_IRQHandler
                0x0000000060005bec        0x8 ./startup/startup_mimxrt1021.o
                0x0000000060005bec                XBAR1_IRQ_0_1_IRQHandler
 .text.XBAR1_IRQ_2_3_IRQHandler
                0x0000000060005bf4        0x8 ./startup/startup_mimxrt1021.o
                0x0000000060005bf4                XBAR1_IRQ_2_3_IRQHandler
 .text.ADC_ETC_IRQ0_IRQHandler
                0x0000000060005bfc        0x8 ./startup/startup_mimxrt1021.o
                0x0000000060005bfc                ADC_ETC_IRQ0_IRQHandler
 .text.ADC_ETC_IRQ1_IRQHandler
                0x0000000060005c04        0x8 ./startup/startup_mimxrt1021.o
                0x0000000060005c04                ADC_ETC_IRQ1_IRQHandler
 .text.ADC_ETC_IRQ2_IRQHandler
                0x0000000060005c0c        0x8 ./startup/startup_mimxrt1021.o
                0x0000000060005c0c                ADC_ETC_IRQ2_IRQHandler
 .text.ADC_ETC_ERROR_IRQ_IRQHandler
                0x0000000060005c14        0x8 ./startup/startup_mimxrt1021.o
                0x0000000060005c14                ADC_ETC_ERROR_IRQ_IRQHandler
 .text.PIT_IRQHandler
                0x0000000060005c1c        0x8 ./startup/startup_mimxrt1021.o
                0x0000000060005c1c                PIT_IRQHandler
 .text.ACMP1_IRQHandler
                0x0000000060005c24        0x8 ./startup/startup_mimxrt1021.o
                0x0000000060005c24                ACMP1_IRQHandler
 .text.ACMP2_IRQHandler
                0x0000000060005c2c        0x8 ./startup/startup_mimxrt1021.o
                0x0000000060005c2c                ACMP2_IRQHandler
 .text.ACMP3_IRQHandler
                0x0000000060005c34        0x8 ./startup/startup_mimxrt1021.o
                0x0000000060005c34                ACMP3_IRQHandler
 .text.ACMP4_IRQHandler
                0x0000000060005c3c        0x8 ./startup/startup_mimxrt1021.o
                0x0000000060005c3c                ACMP4_IRQHandler
 .text.Reserved143_IRQHandler
                0x0000000060005c44        0x8 ./startup/startup_mimxrt1021.o
                0x0000000060005c44                Reserved143_IRQHandler
 .text.Reserved144_IRQHandler
                0x0000000060005c4c        0x8 ./startup/startup_mimxrt1021.o
                0x0000000060005c4c                Reserved144_IRQHandler
 .text.ENC1_IRQHandler
                0x0000000060005c54        0x8 ./startup/startup_mimxrt1021.o
                0x0000000060005c54                ENC1_IRQHandler
 .text.ENC2_IRQHandler
                0x0000000060005c5c        0x8 ./startup/startup_mimxrt1021.o
                0x0000000060005c5c                ENC2_IRQHandler
 .text.Reserved147_IRQHandler
                0x0000000060005c64        0x8 ./startup/startup_mimxrt1021.o
                0x0000000060005c64                Reserved147_IRQHandler
 .text.Reserved148_IRQHandler
                0x0000000060005c6c        0x8 ./startup/startup_mimxrt1021.o
                0x0000000060005c6c                Reserved148_IRQHandler
 .text.TMR1_IRQHandler
                0x0000000060005c74        0x8 ./startup/startup_mimxrt1021.o
                0x0000000060005c74                TMR1_IRQHandler
 .text.TMR2_IRQHandler
                0x0000000060005c7c        0x8 ./startup/startup_mimxrt1021.o
                0x0000000060005c7c                TMR2_IRQHandler
 .text.Reserved151_IRQHandler
                0x0000000060005c84        0x8 ./startup/startup_mimxrt1021.o
                0x0000000060005c84                Reserved151_IRQHandler
 .text.Reserved152_IRQHandler
                0x0000000060005c8c        0x8 ./startup/startup_mimxrt1021.o
                0x0000000060005c8c                Reserved152_IRQHandler
 .text.PWM2_0_IRQHandler
                0x0000000060005c94        0x8 ./startup/startup_mimxrt1021.o
                0x0000000060005c94                PWM2_0_IRQHandler
 .text.PWM2_1_IRQHandler
                0x0000000060005c9c        0x8 ./startup/startup_mimxrt1021.o
                0x0000000060005c9c                PWM2_1_IRQHandler
 .text.PWM2_2_IRQHandler
                0x0000000060005ca4        0x8 ./startup/startup_mimxrt1021.o
                0x0000000060005ca4                PWM2_2_IRQHandler
 .text.PWM2_3_IRQHandler
                0x0000000060005cac        0x8 ./startup/startup_mimxrt1021.o
                0x0000000060005cac                PWM2_3_IRQHandler
 .text.PWM2_FAULT_IRQHandler
                0x0000000060005cb4        0x8 ./startup/startup_mimxrt1021.o
                0x0000000060005cb4                PWM2_FAULT_IRQHandler
 .text._SDK_AtomicLocalClearAndSet4Byte
                0x0000000060005cbc       0x50 ./source/nema23.o
 .text.CLOCK_EnableClock
                0x0000000060005d0c       0x1e ./source/nema23.o
 .text.FLEXCAN_GetMbStatusFlags
                0x0000000060005d2a       0x60 ./source/nema23.o
 .text.FLEXCAN_ClearMbStatusFlags
                0x0000000060005d8a       0x32 ./source/nema23.o
 .text.FLEXCAN_Enable
                0x0000000060005dbc       0x54 ./source/nema23.o
 .text.HardFault_Handler
                0x0000000060005e10       0x2c ./source/semihost_hardfault.o
                0x0000000060005e10                HardFault_Handler
 .text.CLOCK_IsPllBypassed
                0x0000000060005e3c       0x32 ./drivers/fsl_clock.o
 .text.CLOCK_IsPllEnabled
                0x0000000060005e6e       0x3c ./drivers/fsl_clock.o
 .text.CLOCK_GetPllBypassRefClk
                0x0000000060005eaa       0x34 ./drivers/fsl_clock.o
 .text._SDK_AtomicLocalClearAndSet4Byte
                0x0000000060005ede       0x50 ./drivers/fsl_flexcan.o
 .text.CLOCK_EnableClock
                0x0000000060005f2e       0x1e ./drivers/fsl_flexcan.o
 .text.FLEXCAN_Enable
                0x0000000060005f4c       0x54 ./drivers/fsl_flexcan.o
 .text.FLEXCAN_EnterFreezeMode
                0x0000000060005fa0      0x110 ./drivers/fsl_flexcan.o
                0x0000000060005fa0                FLEXCAN_EnterFreezeMode
 .text.FLEXCAN_ExitFreezeMode
                0x00000000600060b0       0x3c ./drivers/fsl_flexcan.o
                0x00000000600060b0                FLEXCAN_ExitFreezeMode
 .text.FLEXCAN_IsMbOccupied
                0x00000000600060ec       0x68 ./drivers/fsl_flexcan.o
 .text.FLEXCAN_GetFirstValidMb
                0x0000000060006154       0x40 ./drivers/fsl_flexcan.o
 .text.FLEXCAN_ERRATA_6032
                0x0000000060006194       0xce ./drivers/fsl_flexcan.o
 .text._SDK_AtomicLocalClearAndSet4Byte
                0x0000000060006262       0x50 ./drivers/fsl_gpio.o
 .text.CLOCK_EnableClock
                0x00000000600062b2       0x1e ./drivers/fsl_gpio.o
 .text.GPIO_SetPinInterruptConfig
                0x00000000600062d0       0x22 ./drivers/fsl_gpio.o
 .text.SystemInitHook
                0x00000000600062f2        0xe ./device/system_MIMXRT1021.o
                0x00000000600062f2                SystemInitHook
 .text.DbgConsole_Init
                0x0000000060006300       0x20 ./board/board.o
 .text.BOARD_InitDebugConsole
                0x0000000060006320       0x22 ./board/board.o
                0x0000000060006320                BOARD_InitDebugConsole
 .text._SDK_AtomicLocalClearAndSet4Byte
                0x0000000060006342       0x50 ./board/clock_config.o
 .text.CLOCK_DisableClock
                0x0000000060006392       0x1e ./board/clock_config.o
 .text.CLOCK_SetPllBypass
                0x00000000600063b0       0x4e ./board/clock_config.o
 .text.IOMUXC_SetSaiMClkClockSource
                0x00000000600063fe       0x6c ./board/clock_config.o
 .text.BOARD_InitBootClocks
                0x000000006000646a        0xc ./board/clock_config.o
                0x000000006000646a                BOARD_InitBootClocks
 .text.BOARD_InitPeripherals
                0x0000000060006476        0xe ./board/peripherals.o
                0x0000000060006476                BOARD_InitPeripherals
 .text.BOARD_InitBootPeripherals
                0x0000000060006484        0xc ./board/peripherals.o
                0x0000000060006484                BOARD_InitBootPeripherals
 .text._SDK_AtomicLocalClearAndSet4Byte
                0x0000000060006490       0x50 ./board/pin_mux.o
 .text.CLOCK_EnableClock
                0x00000000600064e0       0x1e ./board/pin_mux.o
 .text.IOMUXC_SetPinMux
                0x00000000600064fe       0x3a ./board/pin_mux.o
 .text.BOARD_InitBootPins
                0x0000000060006538       0x10 ./board/pin_mux.o
                0x0000000060006538                BOARD_InitBootPins
 .text.__main   0x0000000060006548        0xe /usr/local/mcuxpressoide-11.5.0_7232/ide/plugins/com.nxp.mcuxpresso.tools.linux_11.5.0.202107051138/tools/bin/../lib/gcc/arm-none-eabi/10.3.1/../../../../arm-none-eabi/lib/thumb/v7e-m+fp/hard/libcr_semihost_nf.a(_cr__main.o)
                0x0000000060006548                __main
                0x0000000060006548                __CR_SEMIHOST
 .text.memset   0x0000000060006556        0x4 /usr/local/mcuxpressoide-11.5.0_7232/ide/plugins/com.nxp.mcuxpresso.tools.linux_11.5.0.202107051138/tools/bin/../lib/gcc/arm-none-eabi/10.3.1/../../../../arm-none-eabi/lib/thumb/v7e-m+fp/hard/libcr_c.a(memset.o)
                0x0000000060006556                memset
 .text._deferredlazyseek
                0x000000006000655a       0x40 /usr/local/mcuxpressoide-11.5.0_7232/ide/plugins/com.nxp.mcuxpresso.tools.linux_11.5.0.202107051138/tools/bin/../lib/gcc/arm-none-eabi/10.3.1/../../../../arm-none-eabi/lib/thumb/v7e-m+fp/hard/libcr_c.a(_deferredlazyseek.o)
                0x000000006000655a                _deferredlazyseek
 .text.__flsbuf
                0x000000006000659a      0x140 /usr/local/mcuxpressoide-11.5.0_7232/ide/plugins/com.nxp.mcuxpresso.tools.linux_11.5.0.202107051138/tools/bin/../lib/gcc/arm-none-eabi/10.3.1/../../../../arm-none-eabi/lib/thumb/v7e-m+fp/hard/libcr_c.a(_deferredlazyseek.o)
                0x000000006000659a                __flsbuf
 .text._fflush  0x00000000600066da       0x52 /usr/local/mcuxpressoide-11.5.0_7232/ide/plugins/com.nxp.mcuxpresso.tools.linux_11.5.0.202107051138/tools/bin/../lib/gcc/arm-none-eabi/10.3.1/../../../../arm-none-eabi/lib/thumb/v7e-m+fp/hard/libcr_c.a(_fflush.o)
                0x00000000600066da                _fflush
 .text.free     0x000000006000672c       0x30 /usr/local/mcuxpressoide-11.5.0_7232/ide/plugins/com.nxp.mcuxpresso.tools.linux_11.5.0.202107051138/tools/bin/../lib/gcc/arm-none-eabi/10.3.1/../../../../arm-none-eabi/lib/thumb/v7e-m+fp/hard/libcr_c.a(alloc.o)
                0x000000006000672c                free
 .text.fputs    0x000000006000675c       0x2c /usr/local/mcuxpressoide-11.5.0_7232/ide/plugins/com.nxp.mcuxpresso.tools.linux_11.5.0.202107051138/tools/bin/../lib/gcc/arm-none-eabi/10.3.1/../../../../arm-none-eabi/lib/thumb/v7e-m+fp/hard/libcr_c.a(fputs.o)
                0x000000006000675c                fputs
 .text.no_fp_display
                0x0000000060006788        0x4 /usr/local/mcuxpressoide-11.5.0_7232/ide/plugins/com.nxp.mcuxpresso.tools.linux_11.5.0.202107051138/tools/bin/../lib/gcc/arm-none-eabi/10.3.1/../../../../arm-none-eabi/lib/thumb/v7e-m+fp/hard/libcr_c.a(printf.o)
 .text.setvbuf  0x000000006000678c       0x3e /usr/local/mcuxpressoide-11.5.0_7232/ide/plugins/com.nxp.mcuxpresso.tools.linux_11.5.0.202107051138/tools/bin/../lib/gcc/arm-none-eabi/10.3.1/../../../../arm-none-eabi/lib/thumb/v7e-m+fp/hard/libcr_c.a(setvbuf.o)
                0x000000006000678c                setvbuf
 .text.strlen   0x00000000600067ca       0x48 /usr/local/mcuxpressoide-11.5.0_7232/ide/plugins/com.nxp.mcuxpresso.tools.linux_11.5.0.202107051138/tools/bin/../lib/gcc/arm-none-eabi/10.3.1/../../../../arm-none-eabi/lib/thumb/v7e-m+fp/hard/libcr_c.a(strlen.o)
                0x00000000600067ca                strlen
 .text._fdopen  0x0000000060006812       0x68 /usr/local/mcuxpressoide-11.5.0_7232/ide/plugins/com.nxp.mcuxpresso.tools.linux_11.5.0.202107051138/tools/bin/../lib/gcc/arm-none-eabi/10.3.1/../../../../arm-none-eabi/lib/thumb/v7e-m+fp/hard/libcr_c.a(_fdopen.o)
                0x0000000060006812                _fdopen
 .text.fclose   0x000000006000687a       0x58 /usr/local/mcuxpressoide-11.5.0_7232/ide/plugins/com.nxp.mcuxpresso.tools.linux_11.5.0.202107051138/tools/bin/../lib/gcc/arm-none-eabi/10.3.1/../../../../arm-none-eabi/lib/thumb/v7e-m+fp/hard/libcr_c.a(fclose.o)
                0x000000006000687a                fclose
 .text.remove   0x00000000600068d2       0x14 /usr/local/mcuxpressoide-11.5.0_7232/ide/plugins/com.nxp.mcuxpresso.tools.linux_11.5.0.202107051138/tools/bin/../lib/gcc/arm-none-eabi/10.3.1/../../../../arm-none-eabi/lib/thumb/v7e-m+fp/hard/libcr_c.a(remove.o)
                0x00000000600068d2                remove
 .text._do_fflush
                0x00000000600068e6       0x40 /usr/local/mcuxpressoide-11.5.0_7232/ide/plugins/com.nxp.mcuxpresso.tools.linux_11.5.0.202107051138/tools/bin/../lib/gcc/arm-none-eabi/10.3.1/../../../../arm-none-eabi/lib/thumb/v7e-m+fp/hard/libcr_c.a(_do_fflush.o)
                0x00000000600068e6                _do_fflush
 .text.__aeabi_division_uldivmod
                0x0000000060006926      0x174 /usr/local/mcuxpressoide-11.5.0_7232/ide/plugins/com.nxp.mcuxpresso.tools.linux_11.5.0.202107051138/tools/bin/../lib/gcc/arm-none-eabi/10.3.1/thumb/v7e-m+fp/hard/libcr_eabihelpers.a(division_64.o)
                0x0000000060006926                __aeabi_uldivmod
                0x000000006000692a                __bhs_ldivmod1
 .text.__aeabi_division_idiv0
                0x0000000060006a9a        0x2 /usr/local/mcuxpressoide-11.5.0_7232/ide/plugins/com.nxp.mcuxpresso.tools.linux_11.5.0.202107051138/tools/bin/../lib/gcc/arm-none-eabi/10.3.1/thumb/v7e-m+fp/hard/libcr_eabihelpers.a(division_idiv0.o)
                0x0000000060006a9a                __aeabi_idiv0
 .text.__aeabi_memset_lowlevel
                0x0000000060006a9c       0x32 /usr/local/mcuxpressoide-11.5.0_7232/ide/plugins/com.nxp.mcuxpresso.tools.linux_11.5.0.202107051138/tools/bin/../lib/gcc/arm-none-eabi/10.3.1/thumb/v7e-m+fp/hard/libcr_eabihelpers.a(memcpy.o)
                0x0000000060006a9c                __aeabi_lowlevel_memset
 .text.__sys_close
                0x0000000060006ace        0xc /usr/local/mcuxpressoide-11.5.0_7232/ide/plugins/com.nxp.mcuxpresso.tools.linux_11.5.0.202107051138/tools/bin/../lib/gcc/arm-none-eabi/10.3.1/../../../../arm-none-eabi/lib/thumb/v7e-m+fp/hard/libcr_semihost_nf.a(__sys_close.o)
                0x0000000060006ace                __sys_close
 .text.__sys_flen
                0x0000000060006ada        0xc /usr/local/mcuxpressoide-11.5.0_7232/ide/plugins/com.nxp.mcuxpresso.tools.linux_11.5.0.202107051138/tools/bin/../lib/gcc/arm-none-eabi/10.3.1/../../../../arm-none-eabi/lib/thumb/v7e-m+fp/hard/libcr_semihost_nf.a(__sys_flen.o)
                0x0000000060006ada                __sys_flen
 .text.__sys_istty
                0x0000000060006ae6        0xc /usr/local/mcuxpressoide-11.5.0_7232/ide/plugins/com.nxp.mcuxpresso.tools.linux_11.5.0.202107051138/tools/bin/../lib/gcc/arm-none-eabi/10.3.1/../../../../arm-none-eabi/lib/thumb/v7e-m+fp/hard/libcr_semihost_nf.a(__sys_istty.o)
                0x0000000060006ae6                __sys_istty
 .text.__sys_remove
                0x0000000060006af2        0xc /usr/local/mcuxpressoide-11.5.0_7232/ide/plugins/com.nxp.mcuxpresso.tools.linux_11.5.0.202107051138/tools/bin/../lib/gcc/arm-none-eabi/10.3.1/../../../../arm-none-eabi/lib/thumb/v7e-m+fp/hard/libcr_semihost_nf.a(__sys_remove.o)
                0x0000000060006af2                __sys_remove
 .text.__sys_seek
                0x0000000060006afe        0xc /usr/local/mcuxpressoide-11.5.0_7232/ide/plugins/com.nxp.mcuxpresso.tools.linux_11.5.0.202107051138/tools/bin/../lib/gcc/arm-none-eabi/10.3.1/../../../../arm-none-eabi/lib/thumb/v7e-m+fp/hard/libcr_semihost_nf.a(__sys_seek.o)
                0x0000000060006afe                __sys_seek
 .text.__sys_tmpnam
                0x0000000060006b0a        0xc /usr/local/mcuxpressoide-11.5.0_7232/ide/plugins/com.nxp.mcuxpresso.tools.linux_11.5.0.202107051138/tools/bin/../lib/gcc/arm-none-eabi/10.3.1/../../../../arm-none-eabi/lib/thumb/v7e-m+fp/hard/libcr_semihost_nf.a(__sys_tmpnam.o)
                0x0000000060006b0a                __sys_tmpnam
 .text.__sys_write
                0x0000000060006b16        0xc /usr/local/mcuxpressoide-11.5.0_7232/ide/plugins/com.nxp.mcuxpresso.tools.linux_11.5.0.202107051138/tools/bin/../lib/gcc/arm-none-eabi/10.3.1/../../../../arm-none-eabi/lib/thumb/v7e-m+fp/hard/libcr_semihost_nf.a(__sys_write.o)
                0x0000000060006b16                __sys_write
 *(SORT_BY_ALIGNMENT(.rodata) SORT_BY_ALIGNMENT(.rodata.*) SORT_BY_ALIGNMENT(.constdata) SORT_BY_ALIGNMENT(.constdata.*))
 *fill*         0x0000000060006b22        0x2 ff
 .rodata.CLOCK_ControlGate.str1.4
                0x0000000060006b24       0x42 ./source/nema23.o
 *fill*         0x0000000060006b66        0x2 ff
 .rodata.main.str1.4
                0x0000000060006b68       0xa7 ./source/nema23.o
 *fill*         0x0000000060006c0f        0x1 ff
 .rodata.CLOCK_InitExternalClk.str1.4
                0x0000000060006c10       0x21 ./drivers/fsl_clock.o
 *fill*         0x0000000060006c31        0x3 ff
 .rodata.CLOCK_GetPllFreq.str1.4
                0x0000000060006c34       0x30 ./drivers/fsl_clock.o
 .rodata.enetRefClkFreq.0
                0x0000000060006c64       0x10 ./drivers/fsl_clock.o
 .rodata.CLOCK_ControlGate.str1.4
                0x0000000060006c74       0x20 ./drivers/fsl_flexcan.o
 .rodata.s_flexcanBases
                0x0000000060006c94        0xc ./drivers/fsl_flexcan.o
 .rodata.s_flexcanClock
                0x0000000060006ca0        0x6 ./drivers/fsl_flexcan.o
 *fill*         0x0000000060006ca6        0x2 ff
 .rodata.s_flexcanPeriphClock
                0x0000000060006ca8        0x6 ./drivers/fsl_flexcan.o
 *fill*         0x0000000060006cae        0x2 ff
 .rodata.FLEXCAN_GetInstance.str1.4
                0x0000000060006cb0       0x3a ./drivers/fsl_flexcan.o
 *fill*         0x0000000060006cea        0x2 ff
 .rodata.FLEXCAN_Reset.str1.4
                0x0000000060006cec       0x3a ./drivers/fsl_flexcan.o
 *fill*         0x0000000060006d26        0x2 ff
 .rodata.FLEXCAN_SetBitRate.str1.4
                0x0000000060006d28       0xb8 ./drivers/fsl_flexcan.o
 .rodata.FLEXCAN_Init.str1.4
                0x0000000060006de0      0x10b ./drivers/fsl_flexcan.o
 *fill*         0x0000000060006eeb        0x1 ff
 .rodata.FLEXCAN_GetDefaultConfig.str1.4
                0x0000000060006eec       0x25 ./drivers/fsl_flexcan.o
 *fill*         0x0000000060006f11        0x3 ff
 .rodata.FLEXCAN_SetTimingConfig.str1.4
                0x0000000060006f14       0x25 ./drivers/fsl_flexcan.o
 *fill*         0x0000000060006f39        0x3 ff
 .rodata.FLEXCAN_SetTxMbConfig.str1.4
                0x0000000060006f3c       0x78 ./drivers/fsl_flexcan.o
 .rodata.FLEXCAN_SetRxMbConfig.str1.4
                0x0000000060006fb4       0xbc ./drivers/fsl_flexcan.o
 .rodata.FLEXCAN_WriteTxMb.str1.4
                0x0000000060007070       0xcc ./drivers/fsl_flexcan.o
 .rodata.FLEXCAN_ReadRxMb.str1.4
                0x000000006000713c       0xa0 ./drivers/fsl_flexcan.o
 .rodata.CAN1_DriverIRQHandler.str1.4
                0x00000000600071dc       0x30 ./drivers/fsl_flexcan.o
 .rodata.CAN2_DriverIRQHandler.str1.4
                0x000000006000720c       0x30 ./drivers/fsl_flexcan.o
 .rodata.CLOCK_ControlGate.str1.4
                0x000000006000723c       0x20 ./drivers/fsl_gpio.o
 .rodata.s_gpioBases
                0x000000006000723c       0x18 ./drivers/fsl_gpio.o
 .rodata.s_gpioClock
                0x0000000060007254        0xc ./drivers/fsl_gpio.o
 .rodata.GPIO_GetInstance.str1.4
                0x0000000060007260       0x33 ./drivers/fsl_gpio.o
 *fill*         0x0000000060007293        0x1 ff
 .rodata.GPIO_PinWrite.str1.4
                0x0000000060007294       0x1b ./drivers/fsl_gpio.o
 *fill*         0x00000000600072af        0x1 ff
 .rodata.BOARD_ConfigMPU.str1.4
                0x00000000600072b0       0x69 ./board/board.o
 *fill*         0x0000000060007319        0x3 ff
 .rodata.CLOCK_SetMux.str1.4
                0x000000006000731c       0x53 ./board/clock_config.o
 *fill*         0x000000006000736f        0x1 ff
 .rodata.CLOCK_SetDiv.str1.4
                0x0000000060007370       0x53 ./board/clock_config.o
 .rodata.CLOCK_ControlGate.str1.4
                0x00000000600073c3       0x42 ./board/clock_config.o
 *fill*         0x00000000600073c3        0x1 ff
 .rodata.sysPllConfig_BOARD_BootClockRUN
                0x00000000600073c4       0x14 ./board/clock_config.o
                0x00000000600073c4                sysPllConfig_BOARD_BootClockRUN
 .rodata.enetPllConfig_BOARD_BootClockRUN
                0x00000000600073d8        0x5 ./board/clock_config.o
                0x00000000600073d8                enetPllConfig_BOARD_BootClockRUN
 .rodata.CLOCK_ControlGate.str1.4
                0x00000000600073dd       0x42 ./board/pin_mux.o
 *fill*         0x00000000600073dd        0x3 ff
 .rodata.__num_Ciob_streams
                0x00000000600073e0        0x4 /usr/local/mcuxpressoide-11.5.0_7232/ide/plugins/com.nxp.mcuxpresso.tools.linux_11.5.0.202107051138/tools/bin/../lib/gcc/arm-none-eabi/10.3.1/../../../../arm-none-eabi/lib/thumb/v7e-m+fp/hard/libcr_semihost_nf.a(__ciob.o)
                0x00000000600073e0                __num_Ciob_streams
 .rodata.__assertion_failed.str1.1
                0x00000000600073e4       0x15 /usr/local/mcuxpressoide-11.5.0_7232/ide/plugins/com.nxp.mcuxpresso.tools.linux_11.5.0.202107051138/tools/bin/../lib/gcc/arm-none-eabi/10.3.1/../../../../arm-none-eabi/lib/thumb/v7e-m+fp/hard/libcr_semihost_nf.a(_cr_assert.o)
 .rodata._Csys_alloc.str1.1
                0x00000000600073f9       0x18 /usr/local/mcuxpressoide-11.5.0_7232/ide/plugins/com.nxp.mcuxpresso.tools.linux_11.5.0.202107051138/tools/bin/../lib/gcc/arm-none-eabi/10.3.1/../../../../arm-none-eabi/lib/thumb/v7e-m+fp/hard/libcr_c.a(alloc.o)
 .rodata._initio.str1.1
                0x0000000060007411        0x4 /usr/local/mcuxpressoide-11.5.0_7232/ide/plugins/com.nxp.mcuxpresso.tools.linux_11.5.0.202107051138/tools/bin/../lib/gcc/arm-none-eabi/10.3.1/../../../../arm-none-eabi/lib/thumb/v7e-m+fp/hard/libcr_c.a(initio.o)
 .rodata.__vfprintf.str1.1
                0x0000000060007415       0x35 /usr/local/mcuxpressoide-11.5.0_7232/ide/plugins/com.nxp.mcuxpresso.tools.linux_11.5.0.202107051138/tools/bin/../lib/gcc/arm-none-eabi/10.3.1/../../../../arm-none-eabi/lib/thumb/v7e-m+fp/hard/libcr_c.a(printf.o)
                                         0x38 (size before relaxing)
                0x000000006000744c                . = ALIGN (0x4)
 *fill*         0x000000006000744a        0x2 ff

.glue_7         0x000000006000744c        0x0
 .glue_7        0x000000006000744c        0x0 linker stubs

.glue_7t        0x000000006000744c        0x0
 .glue_7t       0x000000006000744c        0x0 linker stubs

.vfp11_veneer   0x000000006000744c        0x0
 .vfp11_veneer  0x000000006000744c        0x0 linker stubs

.v4_bx          0x000000006000744c        0x0
 .v4_bx         0x000000006000744c        0x0 linker stubs

.iplt           0x000000006000744c        0x0
 .iplt          0x000000006000744c        0x0 ./xip/fsl_flexspi_nor_boot.o

.rel.dyn        0x000000006000744c        0x0
 .rel.iplt      0x000000006000744c        0x0 ./xip/fsl_flexspi_nor_boot.o

.ARM.extab
 *(SORT_BY_ALIGNMENT(.ARM.extab*) SORT_BY_ALIGNMENT(.gnu.linkonce.armextab.*))

.ARM.exidx      0x000000006000744c        0x0
                0x000000006000744c                __exidx_start = .
 *(SORT_BY_ALIGNMENT(.ARM.exidx*) SORT_BY_ALIGNMENT(.gnu.linkonce.armexidx.*))
                0x000000006000744c                __exidx_end = .
                0x000000006000744c                _etext = .

.data_RAM2      0x0000000000000000        0x0 load address 0x000000006000744c
 FILL mask 0xff
                [!provide]                        PROVIDE (__start_data_RAM2 = .)
                [!provide]                        PROVIDE (__start_data_SRAM_ITC = .)
 *(SORT_BY_ALIGNMENT(.ramfunc.$RAM2))
 *(SORT_BY_ALIGNMENT(.ramfunc.$SRAM_ITC))
 *(SORT_BY_ALIGNMENT(.data.$RAM2))
 *(SORT_BY_ALIGNMENT(.data.$SRAM_ITC))
 *(SORT_BY_ALIGNMENT(.data.$RAM2.*))
 *(SORT_BY_ALIGNMENT(.data.$SRAM_ITC.*))
                0x0000000000000000                . = ALIGN (0x4)
                [!provide]                        PROVIDE (__end_data_RAM2 = .)
                [!provide]                        PROVIDE (__end_data_SRAM_ITC = .)

.data_RAM3      0x0000000020200000        0x0 load address 0x000000006000744c
 FILL mask 0xff
                [!provide]                        PROVIDE (__start_data_RAM3 = .)
                [!provide]                        PROVIDE (__start_data_SRAM_OC = .)
 *(SORT_BY_ALIGNMENT(.ramfunc.$RAM3))
 *(SORT_BY_ALIGNMENT(.ramfunc.$SRAM_OC))
 *(SORT_BY_ALIGNMENT(.data.$RAM3))
 *(SORT_BY_ALIGNMENT(.data.$SRAM_OC))
 *(SORT_BY_ALIGNMENT(.data.$RAM3.*))
 *(SORT_BY_ALIGNMENT(.data.$SRAM_OC.*))
                0x0000000020200000                . = ALIGN (0x4)
                [!provide]                        PROVIDE (__end_data_RAM3 = .)
                [!provide]                        PROVIDE (__end_data_SRAM_OC = .)

.data_RAM4      0x0000000080000000        0x0 load address 0x000000006000744c
 FILL mask 0xff
                [!provide]                        PROVIDE (__start_data_RAM4 = .)
                [!provide]                        PROVIDE (__start_data_BOARD_SDRAM = .)
 *(SORT_BY_ALIGNMENT(.ramfunc.$RAM4))
 *(SORT_BY_ALIGNMENT(.ramfunc.$BOARD_SDRAM))
 *(SORT_BY_ALIGNMENT(.data.$RAM4))
 *(SORT_BY_ALIGNMENT(.data.$BOARD_SDRAM))
 *(SORT_BY_ALIGNMENT(.data.$RAM4.*))
 *(SORT_BY_ALIGNMENT(.data.$BOARD_SDRAM.*))
                0x0000000080000000                . = ALIGN (0x4)
                [!provide]                        PROVIDE (__end_data_RAM4 = .)
                [!provide]                        PROVIDE (__end_data_BOARD_SDRAM = .)

.data_RAM5      0x0000000081e00000        0x0 load address 0x000000006000744c
 FILL mask 0xff
                [!provide]                        PROVIDE (__start_data_RAM5 = .)
                [!provide]                        PROVIDE (__start_data_NCACHE_REGION = .)
 *(SORT_BY_ALIGNMENT(.ramfunc.$RAM5))
 *(SORT_BY_ALIGNMENT(.ramfunc.$NCACHE_REGION))
 *(SORT_BY_ALIGNMENT(.data.$RAM5))
 *(SORT_BY_ALIGNMENT(.data.$NCACHE_REGION))
 *(SORT_BY_ALIGNMENT(.data.$RAM5.*))
 *(SORT_BY_ALIGNMENT(.data.$NCACHE_REGION.*))
                0x0000000081e00000                . = ALIGN (0x4)
                [!provide]                        PROVIDE (__end_data_RAM5 = .)
                [!provide]                        PROVIDE (__end_data_NCACHE_REGION = .)

.uninit_RESERVED
                0x0000000020000000        0x0
                0x0000000020000000                _start_uninit_RESERVED = .
 *(SORT_BY_ALIGNMENT(.bss.$RESERVED*))
                0x0000000020000000                . = ALIGN (0x4)
                0x0000000020000000                _end_uninit_RESERVED = .

.data           0x0000000020000000        0x4 load address 0x000000006000744c
 FILL mask 0xff
                0x0000000020000000                _data = .
                [!provide]                        PROVIDE (__start_data_RAM = .)
                [!provide]                        PROVIDE (__start_data_SRAM_DTC = .)
 *(SORT_BY_ALIGNMENT(vtable))
 *(SORT_BY_ALIGNMENT(.ramfunc*))
 *(SORT_BY_ALIGNMENT(CodeQuickAccess))
 *(SORT_BY_ALIGNMENT(DataQuickAccess))
 *(SORT_BY_ALIGNMENT(RamFunction))
 *(SORT_BY_ALIGNMENT(.data*))
 .data.SystemCoreClock
                0x0000000020000000        0x4 ./device/system_MIMXRT1021.o
                0x0000000020000000                SystemCoreClock
                0x0000000020000004                . = ALIGN (0x4)
                0x0000000020000004                _edata = .
                [!provide]                        PROVIDE (__end_data_RAM = .)
                [!provide]                        PROVIDE (__end_data_SRAM_DTC = .)

.igot.plt       0x0000000020000004        0x0 load address 0x0000000060007450
 .igot.plt      0x0000000020000004        0x0 ./xip/fsl_flexspi_nor_boot.o

.bss_RAM2       0x0000000000000000        0x0
                [!provide]                        PROVIDE (__start_bss_RAM2 = .)
                [!provide]                        PROVIDE (__start_bss_SRAM_ITC = .)
 *(SORT_BY_ALIGNMENT(.bss.$RAM2))
 *(SORT_BY_ALIGNMENT(.bss.$SRAM_ITC))
 *(SORT_BY_ALIGNMENT(.bss.$RAM2.*))
 *(SORT_BY_ALIGNMENT(.bss.$SRAM_ITC.*))
                0x0000000000000000                . = ALIGN ((. != 0x0)?0x4:0x1)
                [!provide]                        PROVIDE (__end_bss_RAM2 = .)
                [!provide]                        PROVIDE (__end_bss_SRAM_ITC = .)

.bss_RAM3       0x0000000020200000        0x0
                [!provide]                        PROVIDE (__start_bss_RAM3 = .)
                [!provide]                        PROVIDE (__start_bss_SRAM_OC = .)
 *(SORT_BY_ALIGNMENT(.bss.$RAM3))
 *(SORT_BY_ALIGNMENT(.bss.$SRAM_OC))
 *(SORT_BY_ALIGNMENT(.bss.$RAM3.*))
 *(SORT_BY_ALIGNMENT(.bss.$SRAM_OC.*))
                0x0000000020200000                . = ALIGN ((. != 0x0)?0x4:0x1)
                [!provide]                        PROVIDE (__end_bss_RAM3 = .)
                [!provide]                        PROVIDE (__end_bss_SRAM_OC = .)

.bss_RAM4       0x0000000080000000        0x0
                [!provide]                        PROVIDE (__start_bss_RAM4 = .)
                [!provide]                        PROVIDE (__start_bss_BOARD_SDRAM = .)
 *(SORT_BY_ALIGNMENT(.bss.$RAM4))
 *(SORT_BY_ALIGNMENT(.bss.$BOARD_SDRAM))
 *(SORT_BY_ALIGNMENT(.bss.$RAM4.*))
 *(SORT_BY_ALIGNMENT(.bss.$BOARD_SDRAM.*))
                0x0000000080000000                . = ALIGN ((. != 0x0)?0x4:0x1)
                [!provide]                        PROVIDE (__end_bss_RAM4 = .)
                [!provide]                        PROVIDE (__end_bss_BOARD_SDRAM = .)

.bss_RAM5       0x0000000081e00000        0x0
                [!provide]                        PROVIDE (__start_bss_RAM5 = .)
                [!provide]                        PROVIDE (__start_bss_NCACHE_REGION = .)
 *(SORT_BY_ALIGNMENT(.bss.$RAM5))
 *(SORT_BY_ALIGNMENT(.bss.$NCACHE_REGION))
 *(SORT_BY_ALIGNMENT(.bss.$RAM5.*))
 *(SORT_BY_ALIGNMENT(.bss.$NCACHE_REGION.*))
                0x0000000081e00000                . = ALIGN ((. != 0x0)?0x4:0x1)
                [!provide]                        PROVIDE (__end_bss_RAM5 = .)
                [!provide]                        PROVIDE (__end_bss_NCACHE_REGION = .)

.bss            0x0000000020000004      0x108
                0x0000000020000004                _bss = .
                [!provide]                        PROVIDE (__start_bss_RAM = .)
                [!provide]                        PROVIDE (__start_bss_SRAM_DTC = .)
 *(SORT_BY_ALIGNMENT(.bss*))
 .bss.g_systickCounter
                0x0000000020000004        0x4 ./source/nema23.o
                0x0000000020000004                g_systickCounter
 .bss.i.0       0x0000000020000008        0x4 ./source/nema23.o
 .bss.g_xtalFreq
                0x000000002000000c        0x4 ./drivers/fsl_clock.o
                0x000000002000000c                g_xtalFreq
 .bss.g_rtcXtalFreq
                0x0000000020000010        0x4 ./drivers/fsl_clock.o
                0x0000000020000010                g_rtcXtalFreq
 .bss.s_flexcanHandle
                0x0000000020000014        0xc ./drivers/fsl_flexcan.o
 .bss.s_flexcanIsr
                0x0000000020000020        0x4 ./drivers/fsl_flexcan.o
 .bss.s_lpuartHandle
                0x0000000020000024       0x24 ./drivers/fsl_lpuart.o
                0x0000000020000024                s_lpuartHandle
 .bss.s_lpuartIsr
                0x0000000020000048        0x4 ./drivers/fsl_lpuart.o
                0x0000000020000048                s_lpuartIsr
 .bss.__Ciob    0x000000002000004c       0xb4 /usr/local/mcuxpressoide-11.5.0_7232/ide/plugins/com.nxp.mcuxpresso.tools.linux_11.5.0.202107051138/tools/bin/../lib/gcc/arm-none-eabi/10.3.1/../../../../arm-none-eabi/lib/thumb/v7e-m+fp/hard/libcr_semihost_nf.a(__ciob.o)
                0x000000002000004c                __Ciob
 .bss.errno     0x0000000020000100        0x4 /usr/local/mcuxpressoide-11.5.0_7232/ide/plugins/com.nxp.mcuxpresso.tools.linux_11.5.0.202107051138/tools/bin/../lib/gcc/arm-none-eabi/10.3.1/../../../../arm-none-eabi/lib/thumb/v7e-m+fp/hard/libcr_c.a(errno.o)
                0x0000000020000100                errno
 .bss.__end_of_heap
                0x0000000020000104        0x4 /usr/local/mcuxpressoide-11.5.0_7232/ide/plugins/com.nxp.mcuxpresso.tools.linux_11.5.0.202107051138/tools/bin/../lib/gcc/arm-none-eabi/10.3.1/../../../../arm-none-eabi/lib/thumb/v7e-m+fp/hard/libcr_c.a(__init_alloc.o)
                0x0000000020000104                __end_of_heap
 .bss.__heaps   0x0000000020000108        0x4 /usr/local/mcuxpressoide-11.5.0_7232/ide/plugins/com.nxp.mcuxpresso.tools.linux_11.5.0.202107051138/tools/bin/../lib/gcc/arm-none-eabi/10.3.1/../../../../arm-none-eabi/lib/thumb/v7e-m+fp/hard/libcr_c.a(__init_alloc.o)
                0x0000000020000108                __heaps
 *(SORT_BY_ALIGNMENT(COMMON))
                0x000000002000010c                . = ALIGN (0x4)
                0x000000002000010c                _ebss = .
                [!provide]                        PROVIDE (__end_bss_RAM = .)
                [!provide]                        PROVIDE (__end_bss_SRAM_DTC = .)
                [!provide]                        PROVIDE (end = .)

.noinit_RAM2    0x0000000000000000        0x0
                [!provide]                        PROVIDE (__start_noinit_RAM2 = .)
                [!provide]                        PROVIDE (__start_noinit_SRAM_ITC = .)
 *(SORT_BY_ALIGNMENT(.noinit.$RAM2))
 *(SORT_BY_ALIGNMENT(.noinit.$SRAM_ITC))
 *(SORT_BY_ALIGNMENT(.noinit.$RAM2.*))
 *(SORT_BY_ALIGNMENT(.noinit.$SRAM_ITC.*))
                0x0000000000000000                . = ALIGN (0x4)
                [!provide]                        PROVIDE (__end_noinit_RAM2 = .)
                [!provide]                        PROVIDE (__end_noinit_SRAM_ITC = .)

.noinit_RAM3    0x0000000020200000        0x0
                [!provide]                        PROVIDE (__start_noinit_RAM3 = .)
                [!provide]                        PROVIDE (__start_noinit_SRAM_OC = .)
 *(SORT_BY_ALIGNMENT(.noinit.$RAM3))
 *(SORT_BY_ALIGNMENT(.noinit.$SRAM_OC))
 *(SORT_BY_ALIGNMENT(.noinit.$RAM3.*))
 *(SORT_BY_ALIGNMENT(.noinit.$SRAM_OC.*))
                0x0000000020200000                . = ALIGN (0x4)
                [!provide]                        PROVIDE (__end_noinit_RAM3 = .)
                [!provide]                        PROVIDE (__end_noinit_SRAM_OC = .)

.noinit_RAM4    0x0000000080000000        0x0
                [!provide]                        PROVIDE (__start_noinit_RAM4 = .)
                [!provide]                        PROVIDE (__start_noinit_BOARD_SDRAM = .)
 *(SORT_BY_ALIGNMENT(.noinit.$RAM4))
 *(SORT_BY_ALIGNMENT(.noinit.$BOARD_SDRAM))
 *(SORT_BY_ALIGNMENT(.noinit.$RAM4.*))
 *(SORT_BY_ALIGNMENT(.noinit.$BOARD_SDRAM.*))
                0x0000000080000000                . = ALIGN (0x4)
                [!provide]                        PROVIDE (__end_noinit_RAM4 = .)
                [!provide]                        PROVIDE (__end_noinit_BOARD_SDRAM = .)

.noinit_RAM5    0x0000000081e00000        0x0
                [!provide]                        PROVIDE (__start_noinit_RAM5 = .)
                [!provide]                        PROVIDE (__start_noinit_NCACHE_REGION = .)
 *(SORT_BY_ALIGNMENT(.noinit.$RAM5))
 *(SORT_BY_ALIGNMENT(.noinit.$NCACHE_REGION))
 *(SORT_BY_ALIGNMENT(.noinit.$RAM5.*))
 *(SORT_BY_ALIGNMENT(.noinit.$NCACHE_REGION.*))
                0x0000000081e00000                . = ALIGN (0x4)
                [!provide]                        PROVIDE (__end_noinit_RAM5 = .)
                [!provide]                        PROVIDE (__end_noinit_NCACHE_REGION = .)

.noinit         0x000000002000010c        0x0
                0x000000002000010c                _noinit = .
                [!provide]                        PROVIDE (__start_noinit_RAM = .)
                [!provide]                        PROVIDE (__start_noinit_SRAM_DTC = .)
 *(SORT_BY_ALIGNMENT(.noinit*))
                0x000000002000010c                . = ALIGN (0x4)
                0x000000002000010c                _end_noinit = .
                [!provide]                        PROVIDE (__end_noinit_RAM = .)
                [!provide]                        PROVIDE (__end_noinit_SRAM_DTC = .)
                0x0000000000001000                _HeapSize = 0x1000

.heap           0x000000002000010c     0x1000
                0x000000002000010c                _pvHeapStart = .
                0x000000002000110c                . = (. + _HeapSize)
 *fill*         0x000000002000010c     0x1000 
                0x000000002000110c                . = ALIGN (0x4)
                0x000000002000110c                _pvHeapLimit = .
                0x0000000000001000                _StackSize = 0x1000

.heap2stackfill
                0x000000002000110c     0x1000
                0x000000002000210c                . = (. + _StackSize)
 *fill*         0x000000002000110c     0x1000 

.stack          0x000000002000f000        0x0
                0x000000002000f000                _vStackBase = .
                0x000000002000f000                . = ALIGN (0x4)
                0x0000000020010000                _vStackTop = (. + _StackSize)
                0x0000000060002000                _image_start = LOADADDR (.text)
                0x0000000060007450                _image_end = (LOADADDR (.data) + SIZEOF (.data))
                0x0000000000005450                _image_size = (_image_end - _image_start)
OUTPUT(nema23.axf elf32-littlearm)
LOAD linker stubs

.debug_info     0x0000000000000000     0xf0e4
 .debug_info    0x0000000000000000      0x7b0 ./xip/evkmimxrt1020_flexspi_nor_config.o
 .debug_info    0x00000000000007b0      0x445 ./xip/fsl_flexspi_nor_boot.o
 .debug_info    0x0000000000000bf5      0xd0d ./startup/startup_mimxrt1021.o
 .debug_info    0x0000000000001902     0x1aef ./source/nema23.o
 .debug_info    0x00000000000033f1       0x3c ./source/semihost_hardfault.o
 .debug_info    0x000000000000342d     0x2160 ./drivers/fsl_clock.o
 .debug_info    0x000000000000558d     0x2be8 ./drivers/fsl_flexcan.o
 .debug_info    0x0000000000008175      0xd1e ./drivers/fsl_gpio.o
 .debug_info    0x0000000000008e93     0x258f ./drivers/fsl_lpuart.o
 .debug_info    0x000000000000b422      0xb97 ./device/system_MIMXRT1021.o
 .debug_info    0x000000000000bfb9      0xfe3 ./board/board.o
 .debug_info    0x000000000000cf9c     0x16fa ./board/clock_config.o
 .debug_info    0x000000000000e696       0x9b ./board/peripherals.o
 .debug_info    0x000000000000e731      0x9b3 ./board/pin_mux.o

.debug_abbrev   0x0000000000000000     0x1e66
 .debug_abbrev  0x0000000000000000      0x10a ./xip/evkmimxrt1020_flexspi_nor_config.o
 .debug_abbrev  0x000000000000010a       0xe2 ./xip/fsl_flexspi_nor_boot.o
 .debug_abbrev  0x00000000000001ec      0x152 ./startup/startup_mimxrt1021.o
 .debug_abbrev  0x000000000000033e      0x388 ./source/nema23.o
 .debug_abbrev  0x00000000000006c6       0x31 ./source/semihost_hardfault.o
 .debug_abbrev  0x00000000000006f7      0x33b ./drivers/fsl_clock.o
 .debug_abbrev  0x0000000000000a32      0x3a7 ./drivers/fsl_flexcan.o
 .debug_abbrev  0x0000000000000dd9      0x2a1 ./drivers/fsl_gpio.o
 .debug_abbrev  0x000000000000107a      0x479 ./drivers/fsl_lpuart.o
 .debug_abbrev  0x00000000000014f3      0x15d ./device/system_MIMXRT1021.o
 .debug_abbrev  0x0000000000001650      0x2a1 ./board/board.o
 .debug_abbrev  0x00000000000018f1      0x299 ./board/clock_config.o
 .debug_abbrev  0x0000000000001b8a       0x61 ./board/peripherals.o
 .debug_abbrev  0x0000000000001beb      0x27b ./board/pin_mux.o

.debug_aranges  0x0000000000000000      0xc70
 .debug_aranges
                0x0000000000000000       0x18 ./xip/evkmimxrt1020_flexspi_nor_config.o
 .debug_aranges
                0x0000000000000018       0x18 ./xip/fsl_flexspi_nor_boot.o
 .debug_aranges
                0x0000000000000030      0x4f0 ./startup/startup_mimxrt1021.o
 .debug_aranges
                0x0000000000000520       0x70 ./source/nema23.o
 .debug_aranges
                0x0000000000000590       0x20 ./source/semihost_hardfault.o
 .debug_aranges
                0x00000000000005b0      0x168 ./drivers/fsl_clock.o
 .debug_aranges
                0x0000000000000718      0x1d0 ./drivers/fsl_flexcan.o
 .debug_aranges
                0x00000000000008e8       0x58 ./drivers/fsl_gpio.o
 .debug_aranges
                0x0000000000000940      0x188 ./drivers/fsl_lpuart.o
 .debug_aranges
                0x0000000000000ac8       0x30 ./device/system_MIMXRT1021.o
 .debug_aranges
                0x0000000000000af8       0x60 ./board/board.o
 .debug_aranges
                0x0000000000000b58       0x78 ./board/clock_config.o
 .debug_aranges
                0x0000000000000bd0       0x28 ./board/peripherals.o
 .debug_aranges
                0x0000000000000bf8       0x78 ./board/pin_mux.o

.debug_macro    0x0000000000000000    0x2658b
 .debug_macro   0x0000000000000000      0x136 ./xip/evkmimxrt1020_flexspi_nor_config.o
 .debug_macro   0x0000000000000136      0xaba ./xip/evkmimxrt1020_flexspi_nor_config.o
 .debug_macro   0x0000000000000bf0       0x10 ./xip/evkmimxrt1020_flexspi_nor_config.o
 .debug_macro   0x0000000000000c00      0x12e ./xip/evkmimxrt1020_flexspi_nor_config.o
 .debug_macro   0x0000000000000d2e      0x5b3 ./xip/evkmimxrt1020_flexspi_nor_config.o
 .debug_macro   0x00000000000012e1       0x22 ./xip/evkmimxrt1020_flexspi_nor_config.o
 .debug_macro   0x0000000000001303       0x16 ./xip/evkmimxrt1020_flexspi_nor_config.o
 .debug_macro   0x0000000000001319       0x22 ./xip/evkmimxrt1020_flexspi_nor_config.o
 .debug_macro   0x000000000000133b       0x10 ./xip/evkmimxrt1020_flexspi_nor_config.o
 .debug_macro   0x000000000000134b       0x4d ./xip/evkmimxrt1020_flexspi_nor_config.o
 .debug_macro   0x0000000000001398       0x1c ./xip/evkmimxrt1020_flexspi_nor_config.o
 .debug_macro   0x00000000000013b4       0x22 ./xip/evkmimxrt1020_flexspi_nor_config.o