/home/samia/ws_imx/INO_Arduino/CMSIS/core_cm7.h:1902:22:__NVIC_EnableIRQ	16	static
../drivers/fsl_common_arm.h:210:20:_SDK_AtomicLocalClearAndSet4Byte	48	static
../drivers/fsl_clock.h:1298:20:CLOCK_ControlGate	32	static
../drivers/fsl_clock.h:1315:20:CLOCK_EnableClock	16	static
../drivers/fsl_clock.h:1325:20:CLOCK_DisableClock	16	static
../drivers/fsl_common_arm.h:499:24:EnableIRQ	24	static
../drivers/fsl_flexcan.h:1407:24:FLEXCAN_GetStatusFlags	16	static
../drivers/fsl_flexcan.h:1441:20:FLEXCAN_ClearStatusFlags	16	static
../drivers/fsl_flexcan.h:1480:24:FLEXCAN_GetMbStatusFlags	64	static
../drivers/fsl_flexcan.h:1502:20:FLEXCAN_ClearMbStatusFlags	24	static
../drivers/fsl_flexcan.h:1578:20:FLEXCAN_EnableInterrupts	16	static
../drivers/fsl_flexcan.h:1627:20:FLEXCAN_DisableInterrupts	16	static
../drivers/fsl_flexcan.h:1672:20:FLEXCAN_EnableMbInterrupts	24	static
../drivers/fsl_flexcan.h:1694:20:FLEXCAN_DisableMbInterrupts	24	static
../drivers/fsl_flexcan.h:1754:20:FLEXCAN_Enable	16	static
../drivers/fsl_flexcan.c:377:10:FLEXCAN_GetInstance	24	static
../drivers/fsl_flexcan.c:403:6:FLEXCAN_EnterFreezeMode	32	static
../drivers/fsl_flexcan.c:551:6:FLEXCAN_ExitFreezeMode	16	static
../drivers/fsl_flexcan.c:579:13:FLEXCAN_IsMbOccupied	24	static
../drivers/fsl_flexcan.c:628:16:FLEXCAN_GetFirstValidMb	24	static
../drivers/fsl_flexcan.c:656:13:FLEXCAN_IsMbIntEnabled	24	static
../drivers/fsl_flexcan.c:687:13:FLEXCAN_Reset	24	static
../drivers/fsl_flexcan.c:777:13:FLEXCAN_SetBitRate	32	static
../drivers/fsl_flexcan.c:901:6:FLEXCAN_Init	48	static
../drivers/fsl_flexcan.c:1162:6:FLEXCAN_Deinit	24	static
../drivers/fsl_flexcan.c:1207:6:FLEXCAN_GetDefaultConfig	16	static
../drivers/fsl_flexcan.c:1380:6:FLEXCAN_SetTimingConfig	16	static
../drivers/fsl_flexcan.c:1506:6:FLEXCAN_SetRxMbGlobalMask	16	static
../drivers/fsl_flexcan.c:1528:6:FLEXCAN_SetRxFifoGlobalMask	16	static
../drivers/fsl_flexcan.c:1554:6:FLEXCAN_SetRxIndividualMask	24	static
../drivers/fsl_flexcan.c:1580:6:FLEXCAN_SetTxMbConfig	16	static
../drivers/fsl_flexcan.c:1614:13:FLEXCAN_GetSegments	48	static
../drivers/fsl_flexcan.c:1737:6:FLEXCAN_CalculateImprovedTimingValues	56	static
../drivers/fsl_flexcan.c:2271:6:FLEXCAN_SetRxMbConfig	32	static
../drivers/fsl_flexcan.c:2393:6:FLEXCAN_SetRxFifoConfig	40	static
../drivers/fsl_flexcan.c:2693:13:FLEXCAN_ERRATA_6032	40	static
../drivers/fsl_flexcan.c:2766:10:FLEXCAN_WriteTxMb	32	static
../drivers/fsl_flexcan.c:2939:10:FLEXCAN_ReadRxMb	40	static
../drivers/fsl_flexcan.c:3114:10:FLEXCAN_ReadRxFifo	24	static
../drivers/fsl_flexcan.c:3224:10:FLEXCAN_TransferSendBlocking	64	static
../drivers/fsl_flexcan.c:3273:10:FLEXCAN_TransferReceiveBlocking	56	static
../drivers/fsl_flexcan.c:3395:10:FLEXCAN_TransferReceiveFifoBlocking	24	static
../drivers/fsl_flexcan.c:3455:6:FLEXCAN_TransferCreateHandle	32	static
../drivers/fsl_flexcan.c:3540:10:FLEXCAN_TransferSendNonBlocking	56	static
../drivers/fsl_flexcan.c:3604:10:FLEXCAN_TransferReceiveNonBlocking	56	static
../drivers/fsl_flexcan.c:3774:10:FLEXCAN_TransferReceiveFifoNonBlocking	32	static
../drivers/fsl_flexcan.c:3902:6:FLEXCAN_TransferAbortSend	56	static
../drivers/fsl_flexcan.c:4018:6:FLEXCAN_TransferAbortReceive	48	static
../drivers/fsl_flexcan.c:4049:6:FLEXCAN_TransferAbortReceiveFifo	16	static
../drivers/fsl_flexcan.c:4120:10:FLEXCAN_GetTimeStamp	16	static
../drivers/fsl_flexcan.c:4134:13:FLEXCAN_CheckUnhandleInterruptEvents	96	static
../drivers/fsl_flexcan.c:4179:17:FLEXCAN_SubHandlerForDataTransfered	80	static
../drivers/fsl_flexcan.c:4449:6:FLEXCAN_TransferHandleIRQ	48	static
../drivers/fsl_flexcan.c:4515:6:CAN1_DriverIRQHandler	8	static
../drivers/fsl_flexcan.c:4526:6:CAN2_DriverIRQHandler	8	static
